Component: Arm Compiler for Embedded 6.19 Tool: armlink [5ee90200]

==============================================================================

Section Cross References

    startup_stm32f446xx.o(RESET) refers to startup_stm32f446xx.o(STACK) for __initial_sp
    startup_stm32f446xx.o(RESET) refers to startup_stm32f446xx.o(.text) for Reset_Handler
    startup_stm32f446xx.o(RESET) refers to stm32f4xx_it.o(.text.NMI_Handler) for NMI_Handler
    startup_stm32f446xx.o(RESET) refers to stm32f4xx_it.o(.text.HardFault_Handler) for HardFault_Handler
    startup_stm32f446xx.o(RESET) refers to stm32f4xx_it.o(.text.MemManage_Handler) for MemManage_Handler
    startup_stm32f446xx.o(RESET) refers to stm32f4xx_it.o(.text.BusFault_Handler) for BusFault_Handler
    startup_stm32f446xx.o(RESET) refers to stm32f4xx_it.o(.text.UsageFault_Handler) for UsageFault_Handler
    startup_stm32f446xx.o(RESET) refers to stm32f4xx_it.o(.text.SVC_Handler) for SVC_Handler
    startup_stm32f446xx.o(RESET) refers to stm32f4xx_it.o(.text.DebugMon_Handler) for DebugMon_Handler
    startup_stm32f446xx.o(RESET) refers to stm32f4xx_it.o(.text.PendSV_Handler) for PendSV_Handler
    startup_stm32f446xx.o(RESET) refers to stm32f4xx_it.o(.text.SysTick_Handler) for SysTick_Handler
    startup_stm32f446xx.o(RESET) refers to stm32f4xx_it.o(.text.I2C1_EV_IRQHandler) for I2C1_EV_IRQHandler
    startup_stm32f446xx.o(RESET) refers to stm32f4xx_it.o(.text.I2C1_ER_IRQHandler) for I2C1_ER_IRQHandler
    startup_stm32f446xx.o(RESET) refers to stm32f4xx_it.o(.text.I2C2_EV_IRQHandler) for I2C2_EV_IRQHandler
    startup_stm32f446xx.o(RESET) refers to stm32f4xx_it.o(.text.I2C2_ER_IRQHandler) for I2C2_ER_IRQHandler
    startup_stm32f446xx.o(RESET) refers to stm32f4xx_it.o(.text.USART2_IRQHandler) for USART2_IRQHandler
    startup_stm32f446xx.o(.text) refers to system_stm32f4xx.o(.text.SystemInit) for SystemInit
    startup_stm32f446xx.o(.text) refers to entry.o(.ARM.Collect$$$$00000000) for __main
    receive.o(.text.HAL_UART_RxCpltCallback) refers to receive.o(.bss..L_MergedGlobals) for .L_MergedGlobals
    receive.o(.text.HAL_UART_RxCpltCallback) refers to stm32f4xx_hal.o(.bss.uwTick) for uwTick
    receive.o(.text.HAL_UART_RxCpltCallback) refers to usart.o(.bss.huart2) for huart2
    receive.o(.text.HAL_UART_RxCpltCallback) refers to stm32f4xx_hal_uart.o(.text.HAL_UART_Receive_IT) for HAL_UART_Receive_IT
    receive.o(.ARM.exidx.text.HAL_UART_RxCpltCallback) refers to receive.o(.text.HAL_UART_RxCpltCallback) for [Anonymous Symbol]
    receive.o(.text.uart_task) refers to receive.o(.bss..L_MergedGlobals) for .L_MergedGlobals
    receive.o(.text.uart_task) refers to stm32f4xx_hal.o(.bss.uwTick) for uwTick
    receive.o(.text.uart_task) refers to printfa.o(i.__0printf) for __2printf
    receive.o(.text.uart_task) refers to puts.o(i.puts) for puts
    receive.o(.text.uart_task) refers to usart.o(.bss.huart2) for huart2
    receive.o(.ARM.exidx.text.uart_task) refers to receive.o(.text.uart_task) for [Anonymous Symbol]
    fonts.o(.data.Font_7x10) refers to fonts.o(.rodata.Font7x10) for [Anonymous Symbol]
    fonts.o(.data.Font_11x18) refers to fonts.o(.rodata.Font11x18) for [Anonymous Symbol]
    fonts.o(.data.Font_16x26) refers to fonts.o(.rodata.Font16x26) for [Anonymous Symbol]
    ssd1306.o(.text.ssd1306_Init) refers to stm32f4xx_hal.o(.text.HAL_Delay) for HAL_Delay
    ssd1306.o(.text.ssd1306_Init) refers to i2c.o(.bss.hi2c1) for hi2c1
    ssd1306.o(.text.ssd1306_Init) refers to stm32f4xx_hal_i2c.o(.text.HAL_I2C_Mem_Write) for HAL_I2C_Mem_Write
    ssd1306.o(.text.ssd1306_Init) refers to ssd1306.o(.bss.SSD1306_Buffer) for SSD1306_Buffer
    ssd1306.o(.text.ssd1306_Init) refers to memseta.o(.text) for __aeabi_memclr4
    ssd1306.o(.text.ssd1306_Init) refers to ssd1306.o(.text.ssd1306_UpdateScreen) for ssd1306_UpdateScreen
    ssd1306.o(.text.ssd1306_Init) refers to ssd1306.o(.bss..L_MergedGlobals) for .L_MergedGlobals
    ssd1306.o(.ARM.exidx.text.ssd1306_Init) refers to ssd1306.o(.text.ssd1306_Init) for [Anonymous Symbol]
    ssd1306.o(.text.ssd1306_Fill) refers to ssd1306.o(.bss.SSD1306_Buffer) for SSD1306_Buffer
    ssd1306.o(.text.ssd1306_Fill) refers to memseta.o(.text) for __aeabi_memset4
    ssd1306.o(.ARM.exidx.text.ssd1306_Fill) refers to ssd1306.o(.text.ssd1306_Fill) for [Anonymous Symbol]
    ssd1306.o(.text.ssd1306_UpdateScreen) refers to ssd1306.o(.bss.SSD1306_Buffer) for SSD1306_Buffer
    ssd1306.o(.text.ssd1306_UpdateScreen) refers to i2c.o(.bss.hi2c1) for hi2c1
    ssd1306.o(.text.ssd1306_UpdateScreen) refers to stm32f4xx_hal_i2c.o(.text.HAL_I2C_Mem_Write) for HAL_I2C_Mem_Write
    ssd1306.o(.ARM.exidx.text.ssd1306_UpdateScreen) refers to ssd1306.o(.text.ssd1306_UpdateScreen) for [Anonymous Symbol]
    ssd1306.o(.text.ssd1306_DrawPixel) refers to ssd1306.o(.bss.SSD1306_Buffer) for SSD1306_Buffer
    ssd1306.o(.ARM.exidx.text.ssd1306_DrawPixel) refers to ssd1306.o(.text.ssd1306_DrawPixel) for [Anonymous Symbol]
[...]
    Removing stm32f4xx_hal_exti.o(.ARM.exidx.text.HAL_EXTI_ClearConfigLine), (8 bytes).
    Removing stm32f4xx_hal_exti.o(.text.HAL_EXTI_RegisterCallback), (12 bytes).
    Removing stm32f4xx_hal_exti.o(.ARM.exidx.text.HAL_EXTI_RegisterCallback), (8 bytes).
    Removing stm32f4xx_hal_exti.o(.text.HAL_EXTI_GetHandle), (12 bytes).
    Removing stm32f4xx_hal_exti.o(.ARM.exidx.text.HAL_EXTI_GetHandle), (8 bytes).
    Removing stm32f4xx_hal_exti.o(.text.HAL_EXTI_IRQHandler), (42 bytes).
    Removing stm32f4xx_hal_exti.o(.ARM.exidx.text.HAL_EXTI_IRQHandler), (8 bytes).
    Removing stm32f4xx_hal_exti.o(.text.HAL_EXTI_GetPending), (28 bytes).
    Removing stm32f4xx_hal_exti.o(.ARM.exidx.text.HAL_EXTI_GetPending), (8 bytes).
    Removing stm32f4xx_hal_exti.o(.text.HAL_EXTI_ClearPending), (24 bytes).
    Removing stm32f4xx_hal_exti.o(.ARM.exidx.text.HAL_EXTI_ClearPending), (8 bytes).
    Removing stm32f4xx_hal_exti.o(.text.HAL_EXTI_GenerateSWI), (24 bytes).
    Removing stm32f4xx_hal_exti.o(.ARM.exidx.text.HAL_EXTI_GenerateSWI), (8 bytes).
    Removing stm32f4xx_hal_tim.o(.text), (0 bytes).
    Removing stm32f4xx_hal_tim_ex.o(.text), (0 bytes).
    Removing stm32f4xx_hal_uart.o(.text), (0 bytes).
    Removing stm32f4xx_hal_uart.o(.ARM.exidx.text.HAL_UART_Init), (8 bytes).
    Removing stm32f4xx_hal_uart.o(.text.HAL_UART_MspInit), (2 bytes).
    Removing stm32f4xx_hal_uart.o(.ARM.exidx.text.HAL_UART_MspInit), (8 bytes).
    Removing stm32f4xx_hal_uart.o(.ARM.exidx.text.UART_SetConfig), (8 bytes).
    Removing stm32f4xx_hal_uart.o(.text.HAL_HalfDuplex_Init), (102 bytes).
    Removing stm32f4xx_hal_uart.o(.ARM.exidx.text.HAL_HalfDuplex_Init), (8 bytes).
    Removing stm32f4xx_hal_uart.o(.text.HAL_LIN_Init), (118 bytes).
    Removing stm32f4xx_hal_uart.o(.ARM.exidx.text.HAL_LIN_Init), (8 bytes).
    Removing stm32f4xx_hal_uart.o(.text.HAL_MultiProcessor_Init), (126 bytes).
    Removing stm32f4xx_hal_uart.o(.ARM.exidx.text.HAL_MultiProcessor_Init), (8 bytes).
    Removing stm32f4xx_hal_uart.o(.text.HAL_UART_DeInit), (52 bytes).
    Removing stm32f4xx_hal_uart.o(.ARM.exidx.text.HAL_UART_DeInit), (8 bytes).
    Removing stm32f4xx_hal_uart.o(.text.HAL_UART_MspDeInit), (2 bytes).
    Removing stm32f4xx_hal_uart.o(.ARM.exidx.text.HAL_UART_MspDeInit), (8 bytes).
    Removing stm32f4xx_hal_uart.o(.ARM.exidx.text.HAL_UART_Transmit), (8 bytes).
    Removing stm32f4xx_hal_uart.o(.text.HAL_UART_Receive), (450 bytes).
    Removing stm32f4xx_hal_uart.o(.ARM.exidx.text.HAL_UART_Receive), (8 bytes).
    Removing stm32f4xx_hal_uart.o(.text.HAL_UART_Transmit_IT), (74 bytes).
    Removing stm32f4xx_hal_uart.o(.ARM.exidx.text.HAL_UART_Transmit_IT), (8 bytes).
    Removing stm32f4xx_hal_uart.o(.ARM.exidx.text.HAL_UART_Receive_IT), (8 bytes).
    Removing stm32f4xx_hal_uart.o(.text.UART_Start_Receive_IT), (56 bytes).
    Removing stm32f4xx_hal_uart.o(.ARM.exidx.text.UART_Start_Receive_IT), (8 bytes).
    Removing stm32f4xx_hal_uart.o(.text.HAL_UART_Transmit_DMA), (204 bytes).
    Removing stm32f4xx_hal_uart.o(.ARM.exidx.text.HAL_UART_Transmit_DMA), (8 bytes).
    Removing stm32f4xx_hal_uart.o(.text.UART_DMATransmitCplt), (176 bytes).
    Removing stm32f4xx_hal_uart.o(.ARM.exidx.text.UART_DMATransmitCplt), (8 bytes).
    Removing stm32f4xx_hal_uart.o(.text.UART_DMATxHalfCplt), (6 bytes).
    Removing stm32f4xx_hal_uart.o(.ARM.exidx.text.UART_DMATxHalfCplt), (8 bytes).
    Removing stm32f4xx_hal_uart.o(.text.UART_DMAError), (380 bytes).
    Removing stm32f4xx_hal_uart.o(.ARM.exidx.text.UART_DMAError), (8 bytes).
    Removing stm32f4xx_hal_uart.o(.text.HAL_UART_Receive_DMA), (382 bytes).
    Removing stm32f4xx_hal_uart.o(.ARM.exidx.text.HAL_UART_Receive_DMA), (8 bytes).
    Removing stm32f4xx_hal_uart.o(.text.UART_Start_Receive_DMA), (320 bytes).
    Removing stm32f4xx_hal_uart.o(.ARM.exidx.text.UART_Start_Receive_DMA), (8 bytes).
    Removing stm32f4xx_hal_uart.o(.text.HAL_UART_DMAPause), (364 bytes).
    Removing stm32f4xx_hal_uart.o(.ARM.exidx.text.HAL_UART_DMAPause), (8 bytes).
    Removing stm32f4xx_hal_uart.o(.text.HAL_UART_DMAResume), (370 bytes).
    Removing stm32f4xx_hal_uart.o(.ARM.exidx.text.HAL_UART_DMAResume), (8 bytes).
    Removing stm32f4xx_hal_uart.o(.text.HAL_UART_DMAStop), (540 bytes).
    Removing stm32f4xx_hal_uart.o(.ARM.exidx.text.HAL_UART_DMAStop), (8 bytes).
    Removing stm32f4xx_hal_uart.o(.text.HAL_UARTEx_ReceiveToIdle), (474 bytes).
    Removing stm32f4xx_hal_uart.o(.ARM.exidx.text.HAL_UARTEx_ReceiveToIdle), (8 bytes).
    Removing stm32f4xx_hal_uart.o(.text.HAL_UARTEx_ReceiveToIdle_IT), (212 bytes).
    Removing stm32f4xx_hal_uart.o(.ARM.exidx.text.HAL_UARTEx_ReceiveToIdle_IT), (8 bytes).
    Removing stm32f4xx_hal_uart.o(.text.HAL_UARTEx_ReceiveToIdle_DMA), (492 bytes).
    Removing stm32f4xx_hal_uart.o(.ARM.exidx.text.HAL_UARTEx_ReceiveToIdle_DMA), (8 bytes).
    Removing stm32f4xx_hal_uart.o(.text.HAL_UART_Abort), (482 bytes).
    Removing stm32f4xx_hal_uart.o(.ARM.exidx.text.HAL_UART_Abort), (8 bytes).
    Removing stm32f4xx_hal_uart.o(.text.HAL_UART_AbortTransmit), (208 bytes).
    Removing stm32f4xx_hal_uart.o(.ARM.exidx.text.HAL_UART_AbortTransmit), (8 bytes).
    Removing stm32f4xx_hal_uart.o(.text.HAL_UART_AbortReceive), (366 bytes).
    Removing stm32f4xx_hal_uart.o(.ARM.exidx.text.HAL_UART_AbortReceive), (8 bytes).
    Removing stm32f4xx_hal_uart.o(.text.HAL_UART_Abort_IT), (516 bytes).
    Removing stm32f4xx_hal_uart.o(.ARM.exidx.text.HAL_UART_Abort_IT), (8 bytes).
    Removing stm32f4xx_hal_uart.o(.text.UART_DMATxAbortCallback), (42 bytes).
    Removing stm32f4xx_hal_uart.o(.ARM.exidx.text.UART_DMATxAbortCallback), (8 bytes).
    Removing stm32f4xx_hal_uart.o(.text.UART_DMARxAbortCallback), (42 bytes).
    Removing stm32f4xx_hal_uart.o(.ARM.exidx.text.UART_DMARxAbortCallback), (8 bytes).
    Removing stm32f4xx_hal_uart.o(.text.HAL_UART_AbortCpltCallback), (2 bytes).
    Removing stm32f4xx_hal_uart.o(.ARM.exidx.text.HAL_UART_AbortCpltCallback), (8 bytes).
    Removing stm32f4xx_hal_uart.o(.text.HAL_UART_AbortTransmit_IT), (214 bytes).
    Removing stm32f4xx_hal_uart.o(.ARM.exidx.text.HAL_UART_AbortTransmit_IT), (8 bytes).
    Removing stm32f4xx_hal_uart.o(.text.UART_DMATxOnlyAbortCallback), (16 bytes).
    Removing stm32f4xx_hal_uart.o(.ARM.exidx.text.UART_DMATxOnlyAbortCallback), (8 bytes).
    Removing stm32f4xx_hal_uart.o(.text.HAL_UART_AbortTransmitCpltCallback), (2 bytes).
    Removing stm32f4xx_hal_uart.o(.ARM.exidx.text.HAL_UART_AbortTransmitCpltCallback), (8 bytes).
    Removing stm32f4xx_hal_uart.o(.text.HAL_UART_AbortReceive_IT), (372 bytes).
    Removing stm32f4xx_hal_uart.o(.ARM.exidx.text.HAL_UART_AbortReceive_IT), (8 bytes).
    Removing stm32f4xx_hal_uart.o(.text.UART_DMARxOnlyAbortCallback), (18 bytes).
    Removing stm32f4xx_hal_uart.o(.ARM.exidx.text.UART_DMARxOnlyAbortCallback), (8 bytes).
    Removing stm32f4xx_hal_uart.o(.text.HAL_UART_AbortReceiveCpltCallback), (2 bytes).
    Removing stm32f4xx_hal_uart.o(.ARM.exidx.text.HAL_UART_AbortReceiveCpltCallback), (8 bytes).
    Removing stm32f4xx_hal_uart.o(.ARM.exidx.text.HAL_UART_IRQHandler), (8 bytes).
    Removing stm32f4xx_hal_uart.o(.ARM.exidx.text.UART_Receive_IT), (8 bytes).
    Removing stm32f4xx_hal_uart.o(.ARM.exidx.text.UART_DMAAbortOnError), (8 bytes).
    Removing stm32f4xx_hal_uart.o(.ARM.exidx.text.HAL_UART_ErrorCallback), (8 bytes).
    Removing stm32f4xx_hal_uart.o(.ARM.exidx.text.HAL_UARTEx_RxEventCallback), (8 bytes).
    Removing stm32f4xx_hal_uart.o(.ARM.exidx.text.HAL_UART_TxCpltCallback), (8 bytes).
    Removing stm32f4xx_hal_uart.o(.text.HAL_UART_TxHalfCpltCallback), (2 bytes).
    Removing stm32f4xx_hal_uart.o(.ARM.exidx.text.HAL_UART_TxHalfCpltCallback), (8 bytes).
    Removing stm32f4xx_hal_uart.o(.text.HAL_UART_RxCpltCallback), (2 bytes).
    Removing stm32f4xx_hal_uart.o(.ARM.exidx.text.HAL_UART_RxCpltCallback), (8 bytes).
    Removing stm32f4xx_hal_uart.o(.text.HAL_UART_RxHalfCpltCallback), (2 bytes).
    Removing stm32f4xx_hal_uart.o(.ARM.exidx.text.HAL_UART_RxHalfCpltCallback), (8 bytes).
    Removing stm32f4xx_hal_uart.o(.text.HAL_LIN_SendBreak), (114 bytes).
    Removing stm32f4xx_hal_uart.o(.ARM.exidx.text.HAL_LIN_SendBreak), (8 bytes).
    Removing stm32f4xx_hal_uart.o(.text.HAL_MultiProcessor_EnterMuteMode), (114 bytes).
    Removing stm32f4xx_hal_uart.o(.ARM.exidx.text.HAL_MultiProcessor_EnterMuteMode), (8 bytes).
    Removing stm32f4xx_hal_uart.o(.text.HAL_MultiProcessor_ExitMuteMode), (114 bytes).
    Removing stm32f4xx_hal_uart.o(.ARM.exidx.text.HAL_MultiProcessor_ExitMuteMode), (8 bytes).
    Removing stm32f4xx_hal_uart.o(.text.HAL_HalfDuplex_EnableTransmitter), (44 bytes).
    Removing stm32f4xx_hal_uart.o(.ARM.exidx.text.HAL_HalfDuplex_EnableTransmitter), (8 bytes).
    Removing stm32f4xx_hal_uart.o(.text.HAL_HalfDuplex_EnableReceiver), (46 bytes).
    Removing stm32f4xx_hal_uart.o(.ARM.exidx.text.HAL_HalfDuplex_EnableReceiver), (8 bytes).
    Removing stm32f4xx_hal_uart.o(.text.HAL_UART_GetState), (14 bytes).
    Removing stm32f4xx_hal_uart.o(.ARM.exidx.text.HAL_UART_GetState), (8 bytes).
    Removing stm32f4xx_hal_uart.o(.text.HAL_UART_GetError), (4 bytes).
    Removing stm32f4xx_hal_uart.o(.ARM.exidx.text.HAL_UART_GetError), (8 bytes).
    Removing stm32f4xx_hal_uart.o(.text.UART_DMAReceiveCplt), (346 bytes).
    Removing stm32f4xx_hal_uart.o(.ARM.exidx.text.UART_DMAReceiveCplt), (8 bytes).
    Removing stm32f4xx_hal_uart.o(.text.UART_DMARxHalfCplt), (20 bytes).
    Removing stm32f4xx_hal_uart.o(.ARM.exidx.text.UART_DMARxHalfCplt), (8 bytes).
    Removing system_stm32f4xx.o(.text), (0 bytes).
    Removing system_stm32f4xx.o(.ARM.exidx.text.SystemInit), (8 bytes).
    Removing system_stm32f4xx.o(.text.SystemCoreClockUpdate), (134 bytes).
    Removing system_stm32f4xx.o(.ARM.exidx.text.SystemCoreClockUpdate), (8 bytes).

597 unused section(s) (total 48256 bytes) removed from the image.

==============================================================================

Image Symbol Table

    Local Symbols

    Symbol Name                              Value     Ov Type        Size  Object(Section)

    ../clib/division.s                       0x00000000   Number         0  aeabi_sdiv.o ABSOLUTE
    ../clib/microlib/division.c              0x00000000   Number         0  uldiv.o ABSOLUTE
    ../clib/microlib/division.c              0x00000000   Number         0  uidiv.o ABSOLUTE
    ../clib/microlib/init/entry.s            0x00000000   Number         0  entry.o ABSOLUTE
    ../clib/microlib/init/entry.s            0x00000000   Number         0  entry2.o ABSOLUTE
    ../clib/microlib/init/entry.s            0x00000000   Number         0  entry5.o ABSOLUTE
    ../clib/microlib/init/entry.s            0x00000000   Number         0  entry7a.o ABSOLUTE
    ../clib/microlib/init/entry.s            0x00000000   Number         0  entry7b.o ABSOLUTE
    ../clib/microlib/init/entry.s            0x00000000   Number         0  entry8a.o ABSOLUTE
    ../clib/microlib/init/entry.s            0x00000000   Number         0  entry8b.o ABSOLUTE
    ../clib/microlib/init/entry.s            0x00000000   Number         0  entry9a.o ABSOLUTE
    ../clib/microlib/init/entry.s            0x00000000   Number         0  entry9b.o ABSOLUTE
    ../clib/microlib/init/entry.s            0x00000000   Number         0  entry10a.o ABSOLUTE
    ../clib/microlib/init/entry.s            0x00000000   Number         0  entry10b.o ABSOLUTE
    ../clib/microlib/init/entry.s            0x00000000   Number         0  entry11a.o ABSOLUTE
    ../clib/microlib/init/entry.s            0x00000000   Number         0  entry11b.o ABSOLUTE
    ../clib/microlib/longlong.c              0x00000000   Number         0  llshl.o ABSOLUTE
    ../clib/microlib/longlong.c              0x00000000   Number         0  llushr.o ABSOLUTE
    ../clib/microlib/longlong.c              0x00000000   Number         0  llsshr.o ABSOLUTE
    ../clib/microlib/printf/printf.c         0x00000000   Number         0  printfb.o ABSOLUTE
    ../clib/microlib/printf/printf.c         0x00000000   Number         0  printf0.o ABSOLUTE
    ../clib/microlib/printf/printf.c         0x00000000   Number         0  printf1.o ABSOLUTE
    ../clib/microlib/printf/printf.c         0x00000000   Number         0  printf2.o ABSOLUTE
    ../clib/microlib/printf/printf.c         0x00000000   Number         0  printf3.o ABSOLUTE
    ../clib/microlib/printf/printf.c         0x00000000   Number         0  printf4.o ABSOLUTE
    ../clib/microlib/printf/printf.c         0x00000000   Number         0  printf5.o ABSOLUTE
    ../clib/microlib/printf/printf.c         0x00000000   Number         0  printf6.o ABSOLUTE
    ../clib/microlib/printf/printf.c         0x00000000   Number         0  printf7.o ABSOLUTE
    ../clib/microlib/printf/printf.c         0x00000000   Number         0  printf8.o ABSOLUTE
    ../clib/microlib/printf/printf.c         0x00000000   Number         0  printfa.o ABSOLUTE
    ../clib/microlib/printf/stubs.s          0x00000000   Number         0  printfstubs.o ABSOLUTE
    ../clib/microlib/stdio/puts.c            0x00000000   Number         0  puts.o ABSOLUTE
    ../clib/microlib/stdio/puts.c            0x00000000   Number         0  puts_e.o ABSOLUTE
    ../clib/microlib/stdio/streams.c         0x00000000   Number         0  stdout.o ABSOLUTE
    ../clib/microlib/string/memset.c         0x00000000   Number         0  memseta.o ABSOLUTE
    ../clib/microlib/stubs.s                 0x00000000   Number         0  iusefp.o ABSOLUTE
    ../fplib/microlib/d2f.c                  0x00000000   Number         0  d2f.o ABSOLUTE
    ../fplib/microlib/f2d.c                  0x00000000   Number         0  f2d.o ABSOLUTE
    ../fplib/microlib/fpadd.c                0x00000000   Number         0  dadd.o ABSOLUTE
    ../fplib/microlib/fpdiv.c                0x00000000   Number         0  ddiv.o ABSOLUTE
    ../fplib/microlib/fpepilogue.c           0x00000000   Number         0  fepilogue.o ABSOLUTE
    ../fplib/microlib/fpepilogue.c           0x00000000   Number         0  depilogue.o ABSOLUTE
    ../fplib/microlib/fpfix.c                0x00000000   Number         0  dfixul.o ABSOLUTE
    ../fplib/microlib/fpmul.c                0x00000000   Number         0  dmul.o ABSOLUTE
    MPU6050.c                                0x00000000   Number         0  mpu6050.o ABSOLUTE
    cdrcmple.s                               0x00000000   Number         0  cdrcmple.o ABSOLUTE
    dc.s                                     0x00000000   Number         0  dc.o ABSOLUTE
    fonts.c                                  0x00000000   Number         0  fonts.o ABSOLUTE
    gpio.c                                   0x00000000   Number         0  gpio.o ABSOLUTE
    handlers.s                               0x00000000   Number         0  handlers.o ABSOLUTE
    i2c.c                                    0x00000000   Number         0  i2c.o ABSOLUTE
    init.s                                   0x00000000   Number         0  init.o ABSOLUTE
    main.c                                   0x00000000   Number         0  main.o ABSOLUTE
    receive.c                                0x00000000   Number         0  receive.o ABSOLUTE
    ssd1306.c                                0x00000000   Number         0  ssd1306.o ABSOLUTE
    startup_stm32f446xx.s                    0x00000000   Number         0  startup_stm32f446xx.o ABSOLUTE
    stm32f4xx_hal.c                          0x00000000   Number         0  stm32f4xx_hal.o ABSOLUTE
    stm32f4xx_hal_cortex.c                   0x00000000   Number         0  stm32f4xx_hal_cortex.o ABSOLUTE
    stm32f4xx_hal_dma.c                      0x00000000   Number         0  stm32f4xx_hal_dma.o ABSOLUTE
    stm32f4xx_hal_dma_ex.c                   0x00000000   Number         0  stm32f4xx_hal_dma_ex.o ABSOLUTE
    stm32f4xx_hal_exti.c                     0x00000000   Number         0  stm32f4xx_hal_exti.o ABSOLUTE
    stm32f4xx_hal_flash.c                    0x00000000   Number         0  stm32f4xx_hal_flash.o ABSOLUTE
    stm32f4xx_hal_flash_ex.c                 0x00000000   Number         0  stm32f4xx_hal_flash_ex.o ABSOLUTE
    stm32f4xx_hal_flash_ramfunc.c            0x00000000   Number         0  stm32f4xx_hal_flash_ramfunc.o ABSOLUTE
    stm32f4xx_hal_gpio.c                     0x00000000   Number         0  stm32f4xx_hal_gpio.o ABSOLUTE
    stm32f4xx_hal_i2c.c                      0x00000000   Number         0  stm32f4xx_hal_i2c.o ABSOLUTE
    stm32f4xx_hal_i2c_ex.c                   0x00000000   Number         0  stm32f4xx_hal_i2c_ex.o ABSOLUTE
    stm32f4xx_hal_msp.c                      0x00000000   Number         0  stm32f4xx_hal_msp.o ABSOLUTE
    stm32f4xx_hal_pwr.c                      0x00000000   Number         0  stm32f4xx_hal_pwr.o ABSOLUTE
    stm32f4xx_hal_pwr_ex.c                   0x00000000   Number         0  stm32f4xx_hal_pwr_ex.o ABSOLUTE
    stm32f4xx_hal_rcc.c                      0x00000000   Number         0  stm32f4xx_hal_rcc.o ABSOLUTE
    stm32f4xx_hal_rcc_ex.c                   0x00000000   Number         0  stm32f4xx_hal_rcc_ex.o ABSOLUTE
    stm32f4xx_hal_tim.c                      0x00000000   Number         0  stm32f4xx_hal_tim.o ABSOLUTE
    stm32f4xx_hal_tim_ex.c                   0x00000000   Number         0  stm32f4xx_hal_tim_ex.o ABSOLUTE
    stm32f4xx_hal_uart.c                     0x00000000   Number         0  stm32f4xx_hal_uart.o ABSOLUTE
    stm32f4xx_it.c                           0x00000000   Number         0  stm32f4xx_it.o ABSOLUTE
    system_stm32f4xx.c                       0x00000000   Number         0  system_stm32f4xx.o ABSOLUTE
    usart.c                                  0x00000000   Number         0  usart.o ABSOLUTE
    RESET                                    0x08000000   Section      452  startup_stm32f446xx.o(RESET)
    .ARM.Collect$$$$00000000                 0x080001c4   Section        0  entry.o(.ARM.Collect$$$$00000000)
    .ARM.Collect$$$$00000001                 0x080001c4   Section        4  entry2.o(.ARM.Collect$$$$00000001)
    .ARM.Collect$$$$00000004                 0x080001c8   Section        4  entry5.o(.ARM.Collect$$$$00000004)
    .ARM.Collect$$$$00000008                 0x080001cc   Section        0  entry7b.o(.ARM.Collect$$$$00000008)
    .ARM.Collect$$$$0000000A                 0x080001cc   Section        0  entry8b.o(.ARM.Collect$$$$0000000A)
    .ARM.Collect$$$$0000000B                 0x080001cc   Section        8  entry9a.o(.ARM.Collect$$$$0000000B)
    __lit__00000000                          0x080001d4   Data           4  entry2.o(.ARM.Collect$$$$00002712)
    .ARM.Collect$$$$0000000D                 0x080001d4   Section        0  entry10a.o(.ARM.Collect$$$$0000000D)
    .ARM.Collect$$$$0000000F                 0x080001d4   Section        0  entry11a.o(.ARM.Collect$$$$0000000F)
    .ARM.Collect$$$$00002712                 0x080001d4   Section        4  entry2.o(.ARM.Collect$$$$00002712)
    $v0                                      0x080001d8   Number         0  startup_stm32f446xx.o(.text)
    .text                                    0x080001d8   Section       36  startup_stm32f446xx.o(.text)
    .text                                    0x080001fc   Section        0  uldiv.o(.text)
    .text                                    0x0800025e   Section        0  memseta.o(.text)
    .text                                    0x08000282   Section        0  dadd.o(.text)
    .text                                    0x080003d0   Section        0  f2d.o(.text)
    .text                                    0x080003f6   Section        0  d2f.o(.text)
    .text                                    0x0800042e   Section        0  uidiv.o(.text)
    .text                                    0x0800045a   Section        0  llshl.o(.text)
    .text                                    0x08000478   Section        0  llushr.o(.text)
    .text                                    0x08000498   Section        0  llsshr.o(.text)
    .text                                    0x080004bc   Section        0  iusefp.o(.text)
    .text                                    0x080004bc   Section        0  fepilogue.o(.text)
    .text                                    0x0800052a   Section        0  depilogue.o(.text)
    .text                                    0x080005e4   Section        0  dmul.o(.text)
    .text                                    0x080006c8   Section        0  ddiv.o(.text)
    .text                                    0x080007a6   Section        0  dfixul.o(.text)
    .text                                    0x080007d8   Section       48  cdrcmple.o(.text)
    .text                                    0x08000808   Section       36  init.o(.text)
    [Anonymous Symbol]                       0x0800082c   Section        0  stm32f4xx_it.o(.text.BusFault_Handler)
    [Anonymous Symbol]                       0x08000830   Section        0  stm32f4xx_it.o(.text.DebugMon_Handler)
    [Anonymous Symbol]                       0x08000834   Section        0  main.o(.text.Error_Handler)
    [Anonymous Symbol]                       0x08000840   Section        0  stm32f4xx_hal_dma.o(.text.HAL_DMA_Abort)
    [Anonymous Symbol]                       0x080008d0   Section        0  stm32f4xx_hal_dma.o(.text.HAL_DMA_Abort_IT)
    [Anonymous Symbol]                       0x080008f4   Section        0  stm32f4xx_hal_dma.o(.text.HAL_DMA_GetState)
    [Anonymous Symbol]                       0x080008fc   Section        0  stm32f4xx_hal.o(.text.HAL_Delay)
    [Anonymous Symbol]                       0x08000924   Section        0  stm32f4xx_hal_gpio.o(.text.HAL_GPIO_Init)
    [Anonymous Symbol]                       0x08000ac4   Section        0  stm32f4xx_hal_gpio.o(.text.HAL_GPIO_ReadPin)
    [Anonymous Symbol]                       0x08000ad0   Section        0  stm32f4xx_hal_gpio.o(.text.HAL_GPIO_WritePin)
    [Anonymous Symbol]                       0x08000adc   Section        0  stm32f4xx_hal.o(.text.HAL_GetTick)
    [Anonymous Symbol]                       0x08000ae8   Section        0  stm32f4xx_hal_i2c.o(.text.HAL_I2C_AbortCpltCallback)
    [Anonymous Symbol]                       0x08000aec   Section        0  stm32f4xx_hal_i2c.o(.text.HAL_I2C_AddrCallback)
    [Anonymous Symbol]                       0x08000af0   Section        0  stm32f4xx_hal_i2c.o(.text.HAL_I2C_ER_IRQHandler)
    [Anonymous Symbol]                       0x08000c38   Section        0  stm32f4xx_hal_i2c.o(.text.HAL_I2C_EV_IRQHandler)
    [Anonymous Symbol]                       0x08001234   Section        0  stm32f4xx_hal_i2c.o(.text.HAL_I2C_ErrorCallback)
    [Anonymous Symbol]                       0x08001238   Section        0  stm32f4xx_hal_i2c.o(.text.HAL_I2C_Init)
    [Anonymous Symbol]                       0x0800139c   Section        0  stm32f4xx_hal_i2c.o(.text.HAL_I2C_ListenCpltCallback)
    [Anonymous Symbol]                       0x080013a0   Section        0  stm32f4xx_hal_i2c.o(.text.HAL_I2C_MasterRxCpltCallback)
    [Anonymous Symbol]                       0x080013a4   Section        0  stm32f4xx_hal_i2c.o(.text.HAL_I2C_MasterTxCpltCallback)
    [Anonymous Symbol]                       0x080013a8   Section        0  stm32f4xx_hal_i2c.o(.text.HAL_I2C_MemRxCpltCallback)
    [Anonymous Symbol]                       0x080013ac   Section        0  stm32f4xx_hal_i2c.o(.text.HAL_I2C_MemTxCpltCallback)
    [Anonymous Symbol]                       0x080013b0   Section        0  stm32f4xx_hal_i2c.o(.text.HAL_I2C_Mem_Read)
    [Anonymous Symbol]                       0x0800171c   Section        0  stm32f4xx_hal_i2c.o(.text.HAL_I2C_Mem_Write)
    [Anonymous Symbol]                       0x080018f8   Section        0  i2c.o(.text.HAL_I2C_MspInit)
    [Anonymous Symbol]                       0x08001a34   Section        0  stm32f4xx_hal_i2c.o(.text.HAL_I2C_SlaveRxCpltCallback)
    [Anonymous Symbol]                       0x08001a38   Section        0  stm32f4xx_hal_i2c.o(.text.HAL_I2C_SlaveTxCpltCallback)
    [Anonymous Symbol]                       0x08001a3c   Section        0  stm32f4xx_hal.o(.text.HAL_IncTick)
    [Anonymous Symbol]                       0x08001a58   Section        0  stm32f4xx_hal.o(.text.HAL_Init)
    [Anonymous Symbol]                       0x08001a90   Section        0  stm32f4xx_hal.o(.text.HAL_InitTick)
    [Anonymous Symbol]                       0x08001ad8   Section        0  stm32f4xx_hal_msp.o(.text.HAL_MspInit)
    [Anonymous Symbol]                       0x08001b14   Section        0  stm32f4xx_hal_cortex.o(.text.HAL_NVIC_EnableIRQ)
    [Anonymous Symbol]                       0x08001b38   Section        0  stm32f4xx_hal_cortex.o(.text.HAL_NVIC_SetPriority)
    [Anonymous Symbol]                       0x08001b90   Section        0  stm32f4xx_hal_cortex.o(.text.HAL_NVIC_SetPriorityGrouping)
    [Anonymous Symbol]                       0x08001bb0   Section        0  stm32f4xx_hal_pwr_ex.o(.text.HAL_PWREx_EnableOverDrive)
    [Anonymous Symbol]                       0x08001c2c   Section        0  stm32f4xx_hal_rcc.o(.text.HAL_RCC_ClockConfig)
    [Anonymous Symbol]                       0x08001d90   Section        0  stm32f4xx_hal_rcc.o(.text.HAL_RCC_GetPCLK1Freq)
    [Anonymous Symbol]                       0x08001db8   Section        0  stm32f4xx_hal_rcc.o(.text.HAL_RCC_GetPCLK2Freq)
    [Anonymous Symbol]                       0x08001de0   Section        0  stm32f4xx_hal_rcc_ex.o(.text.HAL_RCC_GetSysClockFreq)
    [Anonymous Symbol]                       0x08001e84   Section        0  stm32f4xx_hal_rcc_ex.o(.text.HAL_RCC_OscConfig)
    [Anonymous Symbol]                       0x08002260   Section        0  stm32f4xx_hal_cortex.o(.text.HAL_SYSTICK_Config)
    [Anonymous Symbol]                       0x0800228c   Section        0  stm32f4xx_hal_uart.o(.text.HAL_UARTEx_RxEventCallback)
    [Anonymous Symbol]                       0x08002290   Section        0  stm32f4xx_hal_uart.o(.text.HAL_UART_ErrorCallback)
    [Anonymous Symbol]                       0x08002294   Section        0  stm32f4xx_hal_uart.o(.text.HAL_UART_IRQHandler)
    [Anonymous Symbol]                       0x080027fc   Section        0  stm32f4xx_hal_uart.o(.text.HAL_UART_Init)
    [Anonymous Symbol]                       0x0800285c   Section        0  usart.o(.text.HAL_UART_MspInit)
    [Anonymous Symbol]                       0x080028e0   Section        0  stm32f4xx_hal_uart.o(.text.HAL_UART_Receive_IT)
    [Anonymous Symbol]                       0x08002940   Section        0  receive.o(.text.HAL_UART_RxCpltCallback)
    [Anonymous Symbol]                       0x08002974   Section        0  stm32f4xx_hal_uart.o(.text.HAL_UART_Transmit)
    [Anonymous Symbol]                       0x08002bf8   Section        0  stm32f4xx_hal_uart.o(.text.HAL_UART_TxCpltCallback)
    [Anonymous Symbol]                       0x08002bfc   Section        0  stm32f4xx_it.o(.text.HardFault_Handler)
    [Anonymous Symbol]                       0x08002c00   Section        0  stm32f4xx_it.o(.text.I2C1_ER_IRQHandler)
    [Anonymous Symbol]                       0x08002c0c   Section        0  stm32f4xx_it.o(.text.I2C1_EV_IRQHandler)
    [Anonymous Symbol]                       0x08002c18   Section        0  stm32f4xx_it.o(.text.I2C2_ER_IRQHandler)
    [Anonymous Symbol]                       0x08002c24   Section        0  stm32f4xx_it.o(.text.I2C2_EV_IRQHandler)
    I2C_DMAAbort                             0x08002c31   Thumb Code   290  stm32f4xx_hal_i2c.o(.text.I2C_DMAAbort)
    [Anonymous Symbol]                       0x08002c30   Section        0  stm32f4xx_hal_i2c.o(.text.I2C_DMAAbort)
    I2C_ITError                              0x08002d55   Thumb Code   396  stm32f4xx_hal_i2c.o(.text.I2C_ITError)
    [Anonymous Symbol]                       0x08002d54   Section        0  stm32f4xx_hal_i2c.o(.text.I2C_ITError)
    I2C_MasterReceive_BTF                    0x08002ee1   Thumb Code   232  stm32f4xx_hal_i2c.o(.text.I2C_MasterReceive_BTF)
    [Anonymous Symbol]                       0x08002ee0   Section        0  stm32f4xx_hal_i2c.o(.text.I2C_MasterReceive_BTF)
    I2C_MasterReceive_RXNE                   0x08002fc9   Thumb Code   314  stm32f4xx_hal_i2c.o(.text.I2C_MasterReceive_RXNE)
    [Anonymous Symbol]                       0x08002fc8   Section        0  stm32f4xx_hal_i2c.o(.text.I2C_MasterReceive_RXNE)
    I2C_MasterTransmit_BTF                   0x08003105   Thumb Code   130  stm32f4xx_hal_i2c.o(.text.I2C_MasterTransmit_BTF)
    [Anonymous Symbol]                       0x08003104   Section        0  stm32f4xx_hal_i2c.o(.text.I2C_MasterTransmit_BTF)
    I2C_MasterTransmit_TXE                   0x08003189   Thumb Code   178  stm32f4xx_hal_i2c.o(.text.I2C_MasterTransmit_TXE)
    [Anonymous Symbol]                       0x08003188   Section        0  stm32f4xx_hal_i2c.o(.text.I2C_MasterTransmit_TXE)
    I2C_MemoryTransmit_TXE_BTF               0x0800323d   Thumb Code   180  stm32f4xx_hal_i2c.o(.text.I2C_MemoryTransmit_TXE_BTF)
    [Anonymous Symbol]                       0x0800323c   Section        0  stm32f4xx_hal_i2c.o(.text.I2C_MemoryTransmit_TXE_BTF)
    I2C_RequestMemoryRead                    0x080032f1   Thumb Code   794  stm32f4xx_hal_i2c.o(.text.I2C_RequestMemoryRead)
    [Anonymous Symbol]                       0x080032f0   Section        0  stm32f4xx_hal_i2c.o(.text.I2C_RequestMemoryRead)
    I2C_RequestMemoryWrite                   0x0800360d   Thumb Code   622  stm32f4xx_hal_i2c.o(.text.I2C_RequestMemoryWrite)
    [Anonymous Symbol]                       0x0800360c   Section        0  stm32f4xx_hal_i2c.o(.text.I2C_RequestMemoryWrite)
    I2C_WaitOnBTFFlagUntilTimeout            0x0800387d   Thumb Code   168  stm32f4xx_hal_i2c.o(.text.I2C_WaitOnBTFFlagUntilTimeout)
    [Anonymous Symbol]                       0x0800387c   Section        0  stm32f4xx_hal_i2c.o(.text.I2C_WaitOnBTFFlagUntilTimeout)
    I2C_WaitOnFlagUntilTimeout               0x08003925   Thumb Code   328  stm32f4xx_hal_i2c.o(.text.I2C_WaitOnFlagUntilTimeout)
    [Anonymous Symbol]                       0x08003924   Section        0  stm32f4xx_hal_i2c.o(.text.I2C_WaitOnFlagUntilTimeout)
    I2C_WaitOnMasterAddressFlagUntilTimeout  0x08003a6d   Thumb Code   184  stm32f4xx_hal_i2c.o(.text.I2C_WaitOnMasterAddressFlagUntilTimeout)
    [Anonymous Symbol]                       0x08003a6c   Section        0  stm32f4xx_hal_i2c.o(.text.I2C_WaitOnMasterAddressFlagUntilTimeout)
    [Anonymous Symbol]                       0x08003b24   Section        0  mpu6050.o(.text.MPU6050_DataReady)
    [Anonymous Symbol]                       0x08003b38   Section        0  mpu6050.o(.text.MPU6050_Initialization)
    [Anonymous Symbol]                       0x08003d88   Section        0  mpu6050.o(.text.MPU6050_ProcessData)
    [Anonymous Symbol]                       0x08003eb4   Section        0  gpio.o(.text.MX_GPIO_Init)
    [Anonymous Symbol]                       0x08003f74   Section        0  i2c.o(.text.MX_I2C1_Init)
    [Anonymous Symbol]                       0x08003fb8   Section        0  i2c.o(.text.MX_I2C2_Init)
    [Anonymous Symbol]                       0x08003ffc   Section        0  usart.o(.text.MX_USART2_UART_Init)
    [Anonymous Symbol]                       0x08004038   Section        0  stm32f4xx_it.o(.text.MemManage_Handler)
    [Anonymous Symbol]                       0x0800403c   Section        0  stm32f4xx_it.o(.text.NMI_Handler)
    [Anonymous Symbol]                       0x08004040   Section        0  stm32f4xx_it.o(.text.PendSV_Handler)
    [Anonymous Symbol]                       0x08004044   Section        0  ssd1306.o(.text.SSD1306_ClearScreen)
    [Anonymous Symbol]                       0x0800408c   Section        0  stm32f4xx_it.o(.text.SVC_Handler)
    [Anonymous Symbol]                       0x08004090   Section        0  stm32f4xx_it.o(.text.SysTick_Handler)
    [Anonymous Symbol]                       0x08004094   Section        0  main.o(.text.SystemClock_Config)
    [Anonymous Symbol]                       0x08004158   Section        0  system_stm32f4xx.o(.text.SystemInit)
    UART_DMAAbortOnError                     0x0800416d   Thumb Code    12  stm32f4xx_hal_uart.o(.text.UART_DMAAbortOnError)
    [Anonymous Symbol]                       0x0800416c   Section        0  stm32f4xx_hal_uart.o(.text.UART_DMAAbortOnError)
    UART_Receive_IT                          0x08004179   Thumb Code   254  stm32f4xx_hal_uart.o(.text.UART_Receive_IT)
    [Anonymous Symbol]                       0x08004178   Section        0  stm32f4xx_hal_uart.o(.text.UART_Receive_IT)
    UART_SetConfig                           0x08004279   Thumb Code   230  stm32f4xx_hal_uart.o(.text.UART_SetConfig)
    [Anonymous Symbol]                       0x08004278   Section        0  stm32f4xx_hal_uart.o(.text.UART_SetConfig)
    [Anonymous Symbol]                       0x08004360   Section        0  stm32f4xx_it.o(.text.USART2_IRQHandler)
    [Anonymous Symbol]                       0x0800436c   Section        0  stm32f4xx_it.o(.text.UsageFault_Handler)
    [Anonymous Symbol]                       0x08004370   Section        0  main.o(.text.fputc)
    [Anonymous Symbol]                       0x08004390   Section        0  main.o(.text.main)
    [Anonymous Symbol]                       0x08004600   Section        0  ssd1306.o(.text.ssd1306_Init)
    [Anonymous Symbol]                       0x080048e4   Section        0  ssd1306.o(.text.ssd1306_SetCursor)
    [Anonymous Symbol]                       0x080048f4   Section        0  ssd1306.o(.text.ssd1306_UpdateScreen)
    [Anonymous Symbol]                       0x0800499c   Section        0  ssd1306.o(.text.ssd1306_WriteChar)
    [Anonymous Symbol]                       0x08004c44   Section        0  ssd1306.o(.text.ssd1306_WriteString)
    [Anonymous Symbol]                       0x08004c80   Section        0  receive.o(.text.uart_task)
    i.__0printf                              0x08004cdc   Section        0  printfa.o(i.__0printf)
    i.__0sprintf                             0x08004cfc   Section        0  printfa.o(i.__0sprintf)
    i.__scatterload_copy                     0x08004d24   Section       14  handlers.o(i.__scatterload_copy)
    i.__scatterload_null                     0x08004d32   Section        2  handlers.o(i.__scatterload_null)
    i.__scatterload_zeroinit                 0x08004d34   Section       14  handlers.o(i.__scatterload_zeroinit)
    _fp_digits                               0x08004d45   Thumb Code   366  printfa.o(i._fp_digits)
    i._fp_digits                             0x08004d44   Section        0  printfa.o(i._fp_digits)
    _printf_core                             0x08004ec9   Thumb Code  1744  printfa.o(i._printf_core)
    i._printf_core                           0x08004ec8   Section        0  printfa.o(i._printf_core)
    _printf_post_padding                     0x080055a5   Thumb Code    36  printfa.o(i._printf_post_padding)
    i._printf_post_padding                   0x080055a4   Section        0  printfa.o(i._printf_post_padding)
    _printf_pre_padding                      0x080055c9   Thumb Code    46  printfa.o(i._printf_pre_padding)
    i._printf_pre_padding                    0x080055c8   Section        0  printfa.o(i._printf_pre_padding)
    _sputc                                   0x080055f7   Thumb Code    10  printfa.o(i._sputc)
    i._sputc                                 0x080055f6   Section        0  printfa.o(i._sputc)
    i.puts                                   0x08005600   Section        0  puts.o(i.puts)
    Font7x10                                 0x0800563c   Data        1900  fonts.o(.rodata.Font7x10)
    [Anonymous Symbol]                       0x0800563c   Section        0  fonts.o(.rodata.Font7x10)
    .L.str.1                                 0x08005da8   Data          32  mpu6050.o(.rodata.str1.1)
    [Anonymous Symbol]                       0x08005da8   Section        0  mpu6050.o(.rodata.str1.1)
    .L.str.5                                 0x08005dc8   Data          51  mpu6050.o(.rodata.str1.1)
    .L.str.3                                 0x08005dfb   Data          12  main.o(.rodata.str1.1)
    [Anonymous Symbol]                       0x08005dfb   Section        0  main.o(.rodata.str1.1)
    .data                                    0x20000000   Section        4  stdout.o(.data)
    .L_MergedGlobals                         0x20000004   Data           8  stm32f4xx_hal.o(.data..L_MergedGlobals)
    [Anonymous Symbol]                       0x20000004   Section        0  stm32f4xx_hal.o(.data..L_MergedGlobals)
    .L_MergedGlobals                         0x20000018   Data          28  receive.o(.bss..L_MergedGlobals)
    [Anonymous Symbol]                       0x20000018   Section        0  receive.o(.bss..L_MergedGlobals)
    .L_MergedGlobals                         0x20000034   Data           4  ssd1306.o(.bss..L_MergedGlobals)
    SSD1306.0                                0x20000034   Data           2  ssd1306.o(.bss..L_MergedGlobals)
    [Anonymous Symbol]                       0x20000034   Section        0  ssd1306.o(.bss..L_MergedGlobals)
    SSD1306.1                                0x20000036   Data           2  ssd1306.o(.bss..L_MergedGlobals)
    .L_MergedGlobals                         0x20000038   Data           8  mpu6050.o(.bss..L_MergedGlobals)
    LSB_Sensitivity_GYRO                     0x20000038   Data           4  mpu6050.o(.bss..L_MergedGlobals)
    [Anonymous Symbol]                       0x20000038   Section        0  mpu6050.o(.bss..L_MergedGlobals)
    LSB_Sensitivity_ACC                      0x2000003c   Data           4  mpu6050.o(.bss..L_MergedGlobals)
    SSD1306_Buffer                           0x2000006c   Data        1024  ssd1306.o(.bss.SSD1306_Buffer)
    [Anonymous Symbol]                       0x2000006c   Section        0  ssd1306.o(.bss.SSD1306_Buffer)
    STACK                                    0x20000560   Section     1024  startup_stm32f446xx.o(STACK)

    Global Symbols

    Symbol Name                              Value     Ov Type        Size  Object(Section)

    BuildAttributes$$THM_ISAv4$E$P$D$K$B$S$7EM$VFPi3$EXTD16$VFPS$VFMA$PE$A:L22UL41UL21$X:L11$S22US41US21$IEEE1$IW$~IW$USESV6$~STKCKD$USESV7$~SHL$OTIME$ROPI$EBA8$MICROLIB$REQ8$PRES8$EABIv2 0x00000000   Number         0  anon$$obj.o ABSOLUTE
    _printf_a                                0x00000000   Number         0  printfstubs.o ABSOLUTE
    _printf_c                                0x00000000   Number         0  printfstubs.o ABSOLUTE
    _printf_charcount                        0x00000000   Number         0  printfstubs.o ABSOLUTE
    _printf_d                                0x00000000   Number         0  printfstubs.o ABSOLUTE
    _printf_e                                0x00000000   Number         0  printfstubs.o ABSOLUTE
    _printf_f                                0x00000000   Number         0  printfstubs.o ABSOLUTE
    _printf_flags                            0x00000000   Number         0  printfstubs.o ABSOLUTE
    _printf_fp_dec                           0x00000000   Number         0  printfstubs.o ABSOLUTE
    _printf_fp_hex                           0x00000000   Number         0  printfstubs.o ABSOLUTE
    _printf_g                                0x00000000   Number         0  printfstubs.o ABSOLUTE
    _printf_i                                0x00000000   Number         0  printfstubs.o ABSOLUTE
    _printf_int_dec                          0x00000000   Number         0  printfstubs.o ABSOLUTE
    _printf_l                                0x00000000   Number         0  printfstubs.o ABSOLUTE
    _printf_lc                               0x00000000   Number         0  printfstubs.o ABSOLUTE
    _printf_ll                               0x00000000   Number         0  printfstubs.o ABSOLUTE
    _printf_lld                              0x00000000   Number         0  printfstubs.o ABSOLUTE
    _printf_lli                              0x00000000   Number         0  printfstubs.o ABSOLUTE
    _printf_llo                              0x00000000   Number         0  printfstubs.o ABSOLUTE
    _printf_llu                              0x00000000   Number         0  printfstubs.o ABSOLUTE
    _printf_llx                              0x00000000   Number         0  printfstubs.o ABSOLUTE
    _printf_longlong_dec                     0x00000000   Number         0  printfstubs.o ABSOLUTE
    _printf_longlong_hex                     0x00000000   Number         0  printfstubs.o ABSOLUTE
    _printf_longlong_oct                     0x00000000   Number         0  printfstubs.o ABSOLUTE
    _printf_ls                               0x00000000   Number         0  printfstubs.o ABSOLUTE
    _printf_mbtowc                           0x00000000   Number         0  printfstubs.o ABSOLUTE
    _printf_n                                0x00000000   Number         0  printfstubs.o ABSOLUTE
    _printf_o                                0x00000000   Number         0  printfstubs.o ABSOLUTE
    _printf_p                                0x00000000   Number         0  printfstubs.o ABSOLUTE
    _printf_percent                          0x00000000   Number         0  printfstubs.o ABSOLUTE
    _printf_pre_padding                      0x00000000   Number         0  printfstubs.o ABSOLUTE
    _printf_return_value                     0x00000000   Number         0  printfstubs.o ABSOLUTE
    _printf_s                                0x00000000   Number         0  printfstubs.o ABSOLUTE
    _printf_sizespec                         0x00000000   Number         0  printfstubs.o ABSOLUTE
    _printf_str                              0x00000000   Number         0  printfstubs.o ABSOLUTE
    _printf_truncate_signed                  0x00000000   Number         0  printfstubs.o ABSOLUTE
    _printf_truncate_unsigned                0x00000000   Number         0  printfstubs.o ABSOLUTE
    _printf_u                                0x00000000   Number         0  printfstubs.o ABSOLUTE
    _printf_wc                               0x00000000   Number         0  printfstubs.o ABSOLUTE
    _printf_wctomb                           0x00000000   Number         0  printfstubs.o ABSOLUTE
    _printf_widthprec                        0x00000000   Number         0  printfstubs.o ABSOLUTE
    _printf_x                                0x00000000   Number         0  printfstubs.o ABSOLUTE
    __cpp_initialize__aeabi_                  - Undefined Weak Reference
    __cxa_finalize                            - Undefined Weak Reference
    __decompress                              - Undefined Weak Reference
    _clock_init                               - Undefined Weak Reference
    _microlib_exit                            - Undefined Weak Reference
    __Vectors_Size                           0x000001c4   Number         0  startup_stm32f446xx.o ABSOLUTE
    __Vectors                                0x08000000   Data           4  startup_stm32f446xx.o(RESET)
    __Vectors_End                            0x080001c4   Data           0  startup_stm32f446xx.o(RESET)
    __main                                   0x080001c5   Thumb Code     0  entry.o(.ARM.Collect$$$$00000000)
    _main_stk                                0x080001c5   Thumb Code     0  entry2.o(.ARM.Collect$$$$00000001)
    _main_scatterload                        0x080001c9   Thumb Code     0  entry5.o(.ARM.Collect$$$$00000004)
    __main_after_scatterload                 0x080001cd   Thumb Code     0  entry5.o(.ARM.Collect$$$$00000004)
    _main_clock                              0x080001cd   Thumb Code     0  entry7b.o(.ARM.Collect$$$$00000008)
    _main_cpp_init                           0x080001cd   Thumb Code     0  entry8b.o(.ARM.Collect$$$$0000000A)
    _main_init                               0x080001cd   Thumb Code     0  entry9a.o(.ARM.Collect$$$$0000000B)
    __rt_final_cpp                           0x080001d5   Thumb Code     0  entry10a.o(.ARM.Collect$$$$0000000D)
    __rt_final_exit                          0x080001d5   Thumb Code     0  entry11a.o(.ARM.Collect$$$$0000000F)
    Reset_Handler                            0x080001d9   Thumb Code     8  startup_stm32f446xx.o(.text)
    ADC_IRQHandler                           0x080001f3   Thumb Code     0  startup_stm32f446xx.o(.text)
    CAN1_RX0_IRQHandler                      0x080001f3   Thumb Code     0  startup_stm32f446xx.o(.text)
    CAN1_RX1_IRQHandler                      0x080001f3   Thumb Code     0  startup_stm32f446xx.o(.text)
    CAN1_SCE_IRQHandler                      0x080001f3   Thumb Code     0  startup_stm32f446xx.o(.text)
    CAN1_TX_IRQHandler                       0x080001f3   Thumb Code     0  startup_stm32f446xx.o(.text)
    CAN2_RX0_IRQHandler                      0x080001f3   Thumb Code     0  startup_stm32f446xx.o(.text)
    CAN2_RX1_IRQHandler                      0x080001f3   Thumb Code     0  startup_stm32f446xx.o(.text)
    CAN2_SCE_IRQHandler                      0x080001f3   Thumb Code     0  startup_stm32f446xx.o(.text)
    CAN2_TX_IRQHandler                       0x080001f3   Thumb Code     0  startup_stm32f446xx.o(.text)
    CEC_IRQHandler                           0x080001f3   Thumb Code     0  startup_stm32f446xx.o(.text)
    DCMI_IRQHandler                          0x080001f3   Thumb Code     0  startup_stm32f446xx.o(.text)
    DMA1_Stream0_IRQHandler                  0x080001f3   Thumb Code     0  startup_stm32f446xx.o(.text)
    DMA1_Stream1_IRQHandler                  0x080001f3   Thumb Code     0  startup_stm32f446xx.o(.text)
    DMA1_Stream2_IRQHandler                  0x080001f3   Thumb Code     0  startup_stm32f446xx.o(.text)
    DMA1_Stream3_IRQHandler                  0x080001f3   Thumb Code     0  startup_stm32f446xx.o(.text)
    DMA1_Stream4_IRQHandler                  0x080001f3   Thumb Code     0  startup_stm32f446xx.o(.text)
    DMA1_Stream5_IRQHandler                  0x080001f3   Thumb Code     0  startup_stm32f446xx.o(.text)
    DMA1_Stream6_IRQHandler                  0x080001f3   Thumb Code     0  startup_stm32f446xx.o(.text)
    DMA1_Stream7_IRQHandler                  0x080001f3   Thumb Code     0  startup_stm32f446xx.o(.text)
    DMA2_Stream0_IRQHandler                  0x080001f3   Thumb Code     0  startup_stm32f446xx.o(.text)
    DMA2_Stream1_IRQHandler                  0x080001f3   Thumb Code     0  startup_stm32f446xx.o(.text)
    DMA2_Stream2_IRQHandler                  0x080001f3   Thumb Code     0  startup_stm32f446xx.o(.text)
    DMA2_Stream3_IRQHandler                  0x080001f3   Thumb Code     0  startup_stm32f446xx.o(.text)
    DMA2_Stream4_IRQHandler                  0x080001f3   Thumb Code     0  startup_stm32f446xx.o(.text)
    DMA2_Stream5_IRQHandler                  0x080001f3   Thumb Code     0  startup_stm32f446xx.o(.text)
    DMA2_Stream6_IRQHandler                  0x080001f3   Thumb Code     0  startup_stm32f446xx.o(.text)
    DMA2_Stream7_IRQHandler                  0x080001f3   Thumb Code     0  startup_stm32f446xx.o(.text)
    EXTI0_IRQHandler                         0x080001f3   Thumb Code     0  startup_stm32f446xx.o(.text)
    EXTI15_10_IRQHandler                     0x080001f3   Thumb Code     0  startup_stm32f446xx.o(.text)
    EXTI1_IRQHandler                         0x080001f3   Thumb Code     0  startup_stm32f446xx.o(.text)
    EXTI2_IRQHandler                         0x080001f3   Thumb Code     0  startup_stm32f446xx.o(.text)
    EXTI3_IRQHandler                         0x080001f3   Thumb Code     0  startup_stm32f446xx.o(.text)
    EXTI4_IRQHandler                         0x080001f3   Thumb Code     0  startup_stm32f446xx.o(.text)
    EXTI9_5_IRQHandler                       0x080001f3   Thumb Code     0  startup_stm32f446xx.o(.text)
    FLASH_IRQHandler                         0x080001f3   Thumb Code     0  startup_stm32f446xx.o(.text)
    FMC_IRQHandler                           0x080001f3   Thumb Code     0  startup_stm32f446xx.o(.text)
    FMPI2C1_ER_IRQHandler                    0x080001f3   Thumb Code     0  startup_stm32f446xx.o(.text)
    FMPI2C1_EV_IRQHandler                    0x080001f3   Thumb Code     0  startup_stm32f446xx.o(.text)
    FPU_IRQHandler                           0x080001f3   Thumb Code     0  startup_stm32f446xx.o(.text)
    I2C3_ER_IRQHandler                       0x080001f3   Thumb Code     0  startup_stm32f446xx.o(.text)
    I2C3_EV_IRQHandler                       0x080001f3   Thumb Code     0  startup_stm32f446xx.o(.text)
    OTG_FS_IRQHandler                        0x080001f3   Thumb Code     0  startup_stm32f446xx.o(.text)
    OTG_FS_WKUP_IRQHandler                   0x080001f3   Thumb Code     0  startup_stm32f446xx.o(.text)
    OTG_HS_EP1_IN_IRQHandler                 0x080001f3   Thumb Code     0  startup_stm32f446xx.o(.text)
    OTG_HS_EP1_OUT_IRQHandler                0x080001f3   Thumb Code     0  startup_stm32f446xx.o(.text)
    OTG_HS_IRQHandler                        0x080001f3   Thumb Code     0  startup_stm32f446xx.o(.text)
    OTG_HS_WKUP_IRQHandler                   0x080001f3   Thumb Code     0  startup_stm32f446xx.o(.text)
    PVD_IRQHandler                           0x080001f3   Thumb Code     0  startup_stm32f446xx.o(.text)
    QUADSPI_IRQHandler                       0x080001f3   Thumb Code     0  startup_stm32f446xx.o(.text)
    RCC_IRQHandler                           0x080001f3   Thumb Code     0  startup_stm32f446xx.o(.text)
    RTC_Alarm_IRQHandler                     0x080001f3   Thumb Code     0  startup_stm32f446xx.o(.text)
    RTC_WKUP_IRQHandler                      0x080001f3   Thumb Code     0  startup_stm32f446xx.o(.text)
    SAI1_IRQHandler                          0x080001f3   Thumb Code     0  startup_stm32f446xx.o(.text)
    SAI2_IRQHandler                          0x080001f3   Thumb Code     0  startup_stm32f446xx.o(.text)
    SDIO_IRQHandler                          0x080001f3   Thumb Code     0  startup_stm32f446xx.o(.text)
    SPDIF_RX_IRQHandler                      0x080001f3   Thumb Code     0  startup_stm32f446xx.o(.text)
    SPI1_IRQHandler                          0x080001f3   Thumb Code     0  startup_stm32f446xx.o(.text)
    SPI2_IRQHandler                          0x080001f3   Thumb Code     0  startup_stm32f446xx.o(.text)
    SPI3_IRQHandler                          0x080001f3   Thumb Code     0  startup_stm32f446xx.o(.text)
    SPI4_IRQHandler                          0x080001f3   Thumb Code     0  startup_stm32f446xx.o(.text)
    TAMP_STAMP_IRQHandler                    0x080001f3   Thumb Code     0  startup_stm32f446xx.o(.text)
    TIM1_BRK_TIM9_IRQHandler                 0x080001f3   Thumb Code     0  startup_stm32f446xx.o(.text)
    TIM1_CC_IRQHandler                       0x080001f3   Thumb Code     0  startup_stm32f446xx.o(.text)
    TIM1_TRG_COM_TIM11_IRQHandler            0x080001f3   Thumb Code     0  startup_stm32f446xx.o(.text)
    TIM1_UP_TIM10_IRQHandler                 0x080001f3   Thumb Code     0  startup_stm32f446xx.o(.text)
    TIM2_IRQHandler                          0x080001f3   Thumb Code     0  startup_stm32f446xx.o(.text)
    TIM3_IRQHandler                          0x080001f3   Thumb Code     0  startup_stm32f446xx.o(.text)
    TIM4_IRQHandler                          0x080001f3   Thumb Code     0  startup_stm32f446xx.o(.text)
    TIM5_IRQHandler                          0x080001f3   Thumb Code     0  startup_stm32f446xx.o(.text)
    TIM6_DAC_IRQHandler                      0x080001f3   Thumb Code     0  startup_stm32f446xx.o(.text)
    TIM7_IRQHandler                          0x080001f3   Thumb Code     0  startup_stm32f446xx.o(.text)
    TIM8_BRK_TIM12_IRQHandler                0x080001f3   Thumb Code     0  startup_stm32f446xx.o(.text)
    TIM8_CC_IRQHandler                       0x080001f3   Thumb Code     0  startup_stm32f446xx.o(.text)
    TIM8_TRG_COM_TIM14_IRQHandler            0x080001f3   Thumb Code     0  startup_stm32f446xx.o(.text)
    TIM8_UP_TIM13_IRQHandler                 0x080001f3   Thumb Code     0  startup_stm32f446xx.o(.text)
    UART4_IRQHandler                         0x080001f3   Thumb Code     0  startup_stm32f446xx.o(.text)
    UART5_IRQHandler                         0x080001f3   Thumb Code     0  startup_stm32f446xx.o(.text)
    USART1_IRQHandler                        0x080001f3   Thumb Code     0  startup_stm32f446xx.o(.text)
    USART3_IRQHandler                        0x080001f3   Thumb Code     0  startup_stm32f446xx.o(.text)
    USART6_IRQHandler                        0x080001f3   Thumb Code     0  startup_stm32f446xx.o(.text)
    WWDG_IRQHandler                          0x080001f3   Thumb Code     0  startup_stm32f446xx.o(.text)
    __aeabi_uldivmod                         0x080001fd   Thumb Code    98  uldiv.o(.text)
    __aeabi_memset                           0x0800025f   Thumb Code    14  memseta.o(.text)
    __aeabi_memset4                          0x0800025f   Thumb Code     0  memseta.o(.text)
    __aeabi_memset8                          0x0800025f   Thumb Code     0  memseta.o(.text)
    __aeabi_memclr                           0x0800026d   Thumb Code     4  memseta.o(.text)
    __aeabi_memclr4                          0x0800026d   Thumb Code     0  memseta.o(.text)
    __aeabi_memclr8                          0x0800026d   Thumb Code     0  memseta.o(.text)
    _memset$wrapper                          0x08000271   Thumb Code    18  memseta.o(.text)
    __aeabi_dadd                             0x08000283   Thumb Code   322  dadd.o(.text)
    __aeabi_dsub                             0x080003c5   Thumb Code     6  dadd.o(.text)
    __aeabi_drsub                            0x080003cb   Thumb Code     6  dadd.o(.text)
    __aeabi_f2d                              0x080003d1   Thumb Code    38  f2d.o(.text)
    __aeabi_d2f                              0x080003f7   Thumb Code    56  d2f.o(.text)
    __aeabi_uidiv                            0x0800042f   Thumb Code     0  uidiv.o(.text)
    __aeabi_uidivmod                         0x0800042f   Thumb Code    44  uidiv.o(.text)
    __aeabi_llsl                             0x0800045b   Thumb Code    30  llshl.o(.text)
    _ll_shift_l                              0x0800045b   Thumb Code     0  llshl.o(.text)
    __aeabi_llsr                             0x08000479   Thumb Code    32  llushr.o(.text)
    _ll_ushift_r                             0x08000479   Thumb Code     0  llushr.o(.text)
    __aeabi_lasr                             0x08000499   Thumb Code    36  llsshr.o(.text)
    _ll_sshift_r                             0x08000499   Thumb Code     0  llsshr.o(.text)
    __I$use$fp                               0x080004bd   Thumb Code     0  iusefp.o(.text)
    _float_round                             0x080004bd   Thumb Code    18  fepilogue.o(.text)
    _float_epilogue                          0x080004cf   Thumb Code    92  fepilogue.o(.text)
    _double_round                            0x0800052b   Thumb Code    30  depilogue.o(.text)
    _double_epilogue                         0x08000549   Thumb Code   156  depilogue.o(.text)
    __aeabi_dmul                             0x080005e5   Thumb Code   228  dmul.o(.text)
    __aeabi_ddiv                             0x080006c9   Thumb Code   222  ddiv.o(.text)
    __aeabi_d2ulz                            0x080007a7   Thumb Code    48  dfixul.o(.text)
    __aeabi_cdrcmple                         0x080007d9   Thumb Code    48  cdrcmple.o(.text)
    __scatterload                            0x08000809   Thumb Code    28  init.o(.text)
    __scatterload_rt2                        0x08000809   Thumb Code     0  init.o(.text)
    BusFault_Handler                         0x0800082d   Thumb Code     2  stm32f4xx_it.o(.text.BusFault_Handler)
    DebugMon_Handler                         0x08000831   Thumb Code     2  stm32f4xx_it.o(.text.DebugMon_Handler)
    Error_Handler                            0x08000835   Thumb Code    10  main.o(.text.Error_Handler)
    HAL_DMA_Abort                            0x08000841   Thumb Code   142  stm32f4xx_hal_dma.o(.text.HAL_DMA_Abort)
    HAL_DMA_Abort_IT                         0x080008d1   Thumb Code    36  stm32f4xx_hal_dma.o(.text.HAL_DMA_Abort_IT)
    HAL_DMA_GetState                         0x080008f5   Thumb Code     6  stm32f4xx_hal_dma.o(.text.HAL_DMA_GetState)
    HAL_Delay                                0x080008fd   Thumb Code    40  stm32f4xx_hal.o(.text.HAL_Delay)
    HAL_GPIO_Init                            0x08000925   Thumb Code   414  stm32f4xx_hal_gpio.o(.text.HAL_GPIO_Init)
    HAL_GPIO_ReadPin                         0x08000ac5   Thumb Code    10  stm32f4xx_hal_gpio.o(.text.HAL_GPIO_ReadPin)
    HAL_GPIO_WritePin                        0x08000ad1   Thumb Code    10  stm32f4xx_hal_gpio.o(.text.HAL_GPIO_WritePin)
    HAL_GetTick                              0x08000add   Thumb Code    12  stm32f4xx_hal.o(.text.HAL_GetTick)
    HAL_I2C_AbortCpltCallback                0x08000ae9   Thumb Code     2  stm32f4xx_hal_i2c.o(.text.HAL_I2C_AbortCpltCallback)
    HAL_I2C_AddrCallback                     0x08000aed   Thumb Code     2  stm32f4xx_hal_i2c.o(.text.HAL_I2C_AddrCallback)
    HAL_I2C_ER_IRQHandler                    0x08000af1   Thumb Code   328  stm32f4xx_hal_i2c.o(.text.HAL_I2C_ER_IRQHandler)
    HAL_I2C_EV_IRQHandler                    0x08000c39   Thumb Code  1532  stm32f4xx_hal_i2c.o(.text.HAL_I2C_EV_IRQHandler)
    HAL_I2C_ErrorCallback                    0x08001235   Thumb Code     2  stm32f4xx_hal_i2c.o(.text.HAL_I2C_ErrorCallback)
    HAL_I2C_Init                             0x08001239   Thumb Code   356  stm32f4xx_hal_i2c.o(.text.HAL_I2C_Init)
    HAL_I2C_ListenCpltCallback               0x0800139d   Thumb Code     2  stm32f4xx_hal_i2c.o(.text.HAL_I2C_ListenCpltCallback)
    HAL_I2C_MasterRxCpltCallback             0x080013a1   Thumb Code     2  stm32f4xx_hal_i2c.o(.text.HAL_I2C_MasterRxCpltCallback)
    HAL_I2C_MasterTxCpltCallback             0x080013a5   Thumb Code     2  stm32f4xx_hal_i2c.o(.text.HAL_I2C_MasterTxCpltCallback)
    HAL_I2C_MemRxCpltCallback                0x080013a9   Thumb Code     2  stm32f4xx_hal_i2c.o(.text.HAL_I2C_MemRxCpltCallback)
    HAL_I2C_MemTxCpltCallback                0x080013ad   Thumb Code     2  stm32f4xx_hal_i2c.o(.text.HAL_I2C_MemTxCpltCallback)
    HAL_I2C_Mem_Read                         0x080013b1   Thumb Code   874  stm32f4xx_hal_i2c.o(.text.HAL_I2C_Mem_Read)
    HAL_I2C_Mem_Write                        0x0800171d   Thumb Code   474  stm32f4xx_hal_i2c.o(.text.HAL_I2C_Mem_Write)
    HAL_I2C_MspInit                          0x080018f9   Thumb Code   314  i2c.o(.text.HAL_I2C_MspInit)
    HAL_I2C_SlaveRxCpltCallback              0x08001a35   Thumb Code     2  stm32f4xx_hal_i2c.o(.text.HAL_I2C_SlaveRxCpltCallback)
    HAL_I2C_SlaveTxCpltCallback              0x08001a39   Thumb Code     2  stm32f4xx_hal_i2c.o(.text.HAL_I2C_SlaveTxCpltCallback)
    HAL_IncTick                              0x08001a3d   Thumb Code    26  stm32f4xx_hal.o(.text.HAL_IncTick)
    HAL_Init                                 0x08001a59   Thumb Code    54  stm32f4xx_hal.o(.text.HAL_Init)
    HAL_InitTick                             0x08001a91   Thumb Code    72  stm32f4xx_hal.o(.text.HAL_InitTick)
    HAL_MspInit                              0x08001ad9   Thumb Code    60  stm32f4xx_hal_msp.o(.text.HAL_MspInit)
    HAL_NVIC_EnableIRQ                       0x08001b15   Thumb Code    34  stm32f4xx_hal_cortex.o(.text.HAL_NVIC_EnableIRQ)
    HAL_NVIC_SetPriority                     0x08001b39   Thumb Code    86  stm32f4xx_hal_cortex.o(.text.HAL_NVIC_SetPriority)
    HAL_NVIC_SetPriorityGrouping             0x08001b91   Thumb Code    32  stm32f4xx_hal_cortex.o(.text.HAL_NVIC_SetPriorityGrouping)
    HAL_PWREx_EnableOverDrive                0x08001bb1   Thumb Code   122  stm32f4xx_hal_pwr_ex.o(.text.HAL_PWREx_EnableOverDrive)
    HAL_RCC_ClockConfig                      0x08001c2d   Thumb Code   356  stm32f4xx_hal_rcc.o(.text.HAL_RCC_ClockConfig)
    HAL_RCC_GetPCLK1Freq                     0x08001d91   Thumb Code    38  stm32f4xx_hal_rcc.o(.text.HAL_RCC_GetPCLK1Freq)
    HAL_RCC_GetPCLK2Freq                     0x08001db9   Thumb Code    38  stm32f4xx_hal_rcc.o(.text.HAL_RCC_GetPCLK2Freq)
    HAL_RCC_GetSysClockFreq                  0x08001de1   Thumb Code   162  stm32f4xx_hal_rcc_ex.o(.text.HAL_RCC_GetSysClockFreq)
    HAL_RCC_OscConfig                        0x08001e85   Thumb Code   988  stm32f4xx_hal_rcc_ex.o(.text.HAL_RCC_OscConfig)
    HAL_SYSTICK_Config                       0x08002261   Thumb Code    44  stm32f4xx_hal_cortex.o(.text.HAL_SYSTICK_Config)
    HAL_UARTEx_RxEventCallback               0x0800228d   Thumb Code     2  stm32f4xx_hal_uart.o(.text.HAL_UARTEx_RxEventCallback)
    HAL_UART_ErrorCallback                   0x08002291   Thumb Code     2  stm32f4xx_hal_uart.o(.text.HAL_UART_ErrorCallback)
    HAL_UART_IRQHandler                      0x08002295   Thumb Code  1384  stm32f4xx_hal_uart.o(.text.HAL_UART_IRQHandler)
    HAL_UART_Init                            0x080027fd   Thumb Code    94  stm32f4xx_hal_uart.o(.text.HAL_UART_Init)
    HAL_UART_MspInit                         0x0800285d   Thumb Code   132  usart.o(.text.HAL_UART_MspInit)
    HAL_UART_Receive_IT                      0x080028e1   Thumb Code    96  stm32f4xx_hal_uart.o(.text.HAL_UART_Receive_IT)
    HAL_UART_RxCpltCallback                  0x08002941   Thumb Code    52  receive.o(.text.HAL_UART_RxCpltCallback)
    HAL_UART_Transmit                        0x08002975   Thumb Code   642  stm32f4xx_hal_uart.o(.text.HAL_UART_Transmit)
    HAL_UART_TxCpltCallback                  0x08002bf9   Thumb Code     2  stm32f4xx_hal_uart.o(.text.HAL_UART_TxCpltCallback)
    HardFault_Handler                        0x08002bfd   Thumb Code     2  stm32f4xx_it.o(.text.HardFault_Handler)
    I2C1_ER_IRQHandler                       0x08002c01   Thumb Code    12  stm32f4xx_it.o(.text.I2C1_ER_IRQHandler)
    I2C1_EV_IRQHandler                       0x08002c0d   Thumb Code    12  stm32f4xx_it.o(.text.I2C1_EV_IRQHandler)
    I2C2_ER_IRQHandler                       0x08002c19   Thumb Code    12  stm32f4xx_it.o(.text.I2C2_ER_IRQHandler)
    I2C2_EV_IRQHandler                       0x08002c25   Thumb Code    12  stm32f4xx_it.o(.text.I2C2_EV_IRQHandler)
    MPU6050_DataReady                        0x08003b25   Thumb Code    18  mpu6050.o(.text.MPU6050_DataReady)
    MPU6050_Initialization                   0x08003b39   Thumb Code   440  mpu6050.o(.text.MPU6050_Initialization)
    MPU6050_ProcessData                      0x08003d89   Thumb Code   288  mpu6050.o(.text.MPU6050_ProcessData)
    MX_GPIO_Init                             0x08003eb5   Thumb Code   192  gpio.o(.text.MX_GPIO_Init)
    MX_I2C1_Init                             0x08003f75   Thumb Code    68  i2c.o(.text.MX_I2C1_Init)
    MX_I2C2_Init                             0x08003fb9   Thumb Code    66  i2c.o(.text.MX_I2C2_Init)
    MX_USART2_UART_Init                      0x08003ffd   Thumb Code    60  usart.o(.text.MX_USART2_UART_Init)
    MemManage_Handler                        0x08004039   Thumb Code     2  stm32f4xx_it.o(.text.MemManage_Handler)
    NMI_Handler                              0x0800403d   Thumb Code     2  stm32f4xx_it.o(.text.NMI_Handler)
    PendSV_Handler                           0x08004041   Thumb Code     2  stm32f4xx_it.o(.text.PendSV_Handler)
    SSD1306_ClearScreen                      0x08004045   Thumb Code    72  ssd1306.o(.text.SSD1306_ClearScreen)
    SVC_Handler                              0x0800408d   Thumb Code     2  stm32f4xx_it.o(.text.SVC_Handler)
    SysTick_Handler                          0x08004091   Thumb Code     4  stm32f4xx_it.o(.text.SysTick_Handler)
    SystemClock_Config                       0x08004095   Thumb Code   196  main.o(.text.SystemClock_Config)
    SystemInit                               0x08004159   Thumb Code    18  system_stm32f4xx.o(.text.SystemInit)
    USART2_IRQHandler                        0x08004361   Thumb Code    12  stm32f4xx_it.o(.text.USART2_IRQHandler)
    UsageFault_Handler                       0x0800436d   Thumb Code     2  stm32f4xx_it.o(.text.UsageFault_Handler)
    fputc                                    0x08004371   Thumb Code    30  main.o(.text.fputc)
    main                                     0x08004391   Thumb Code   516  main.o(.text.main)
    ssd1306_Init                             0x08004601   Thumb Code   740  ssd1306.o(.text.ssd1306_Init)
    ssd1306_SetCursor                        0x080048e5   Thumb Code    14  ssd1306.o(.text.ssd1306_SetCursor)
    ssd1306_UpdateScreen                     0x080048f5   Thumb Code   166  ssd1306.o(.text.ssd1306_UpdateScreen)
    ssd1306_WriteChar                        0x0800499d   Thumb Code   678  ssd1306.o(.text.ssd1306_WriteChar)
    ssd1306_WriteString                      0x08004c45   Thumb Code    60  ssd1306.o(.text.ssd1306_WriteString)
    uart_task                                0x08004c81   Thumb Code    76  receive.o(.text.uart_task)
    __0printf                                0x08004cdd   Thumb Code    22  printfa.o(i.__0printf)
    __1printf                                0x08004cdd   Thumb Code     0  printfa.o(i.__0printf)
    __2printf                                0x08004cdd   Thumb Code     0  printfa.o(i.__0printf)
    __c89printf                              0x08004cdd   Thumb Code     0  printfa.o(i.__0printf)
    printf                                   0x08004cdd   Thumb Code     0  printfa.o(i.__0printf)
    __0sprintf                               0x08004cfd   Thumb Code    34  printfa.o(i.__0sprintf)
    __1sprintf                               0x08004cfd   Thumb Code     0  printfa.o(i.__0sprintf)
    __2sprintf                               0x08004cfd   Thumb Code     0  printfa.o(i.__0sprintf)
    __c89sprintf                             0x08004cfd   Thumb Code     0  printfa.o(i.__0sprintf)
    sprintf                                  0x08004cfd   Thumb Code     0  printfa.o(i.__0sprintf)
    __scatterload_copy                       0x08004d25   Thumb Code    14  handlers.o(i.__scatterload_copy)
    __scatterload_null                       0x08004d33   Thumb Code     2  handlers.o(i.__scatterload_null)
    __scatterload_zeroinit                   0x08004d35   Thumb Code    14  handlers.o(i.__scatterload_zeroinit)
    puts                                     0x08005601   Thumb Code    30  puts.o(i.puts)
    AHBPrescTable                            0x08005624   Data          16  system_stm32f4xx.o(.rodata.AHBPrescTable)
    APBPrescTable                            0x08005634   Data           8  system_stm32f4xx.o(.rodata.APBPrescTable)
    Region$$Table$$Base                      0x08005e08   Number         0  anon$$obj.o(Region$$Table)
    Region$$Table$$Limit                     0x08005e28   Number         0  anon$$obj.o(Region$$Table)
    __stdout                                 0x20000000   Data           4  stdout.o(.data)
    uwTickFreq                               0x20000004   Data           1  stm32f4xx_hal.o(.data..L_MergedGlobals)
    uwTickPrio                               0x20000008   Data           4  stm32f4xx_hal.o(.data..L_MergedGlobals)
    Font_7x10                                0x2000000c   Data           8  fonts.o(.data.Font_7x10)
    SystemCoreClock                          0x20000014   Data           4  system_stm32f4xx.o(.data.SystemCoreClock)
    rx_counter                               0x20000018   Data           1  receive.o(.bss..L_MergedGlobals)
    rx_tick                                  0x2000001c   Data           4  receive.o(.bss..L_MergedGlobals)
    rx_buff                                  0x20000020   Data          20  receive.o(.bss..L_MergedGlobals)
    MPU6050                                  0x20000040   Data          44  mpu6050.o(.bss.MPU6050)
    hi2c1                                    0x2000046c   Data          84  i2c.o(.bss.hi2c1)
    hi2c2                                    0x200004c0   Data          84  i2c.o(.bss.hi2c2)
    huart2                                   0x20000514   Data          68  usart.o(.bss.huart2)
    uwTick                                   0x20000558   Data           4  stm32f4xx_hal.o(.bss.uwTick)
    __initial_sp                             0x20000960   Data           0  startup_stm32f446xx.o(STACK)



==============================================================================

Memory Map of the image

  Image Entry point : 0x080001c5

  Load Region LR_IROM1 (Base: 0x08000000, Size: 0x00005e40, Max: 0x00080000, ABSOLUTE)

    Execution Region ER_IROM1 (Exec base: 0x08000000, Load base: 0x08000000, Size: 0x00005e28, Max: 0x00080000, ABSOLUTE)

    Exec Addr    Load Addr    Size         Type   Attr      Idx    E Section Name        Object

    0x08000000   0x08000000   0x000001c4   Data   RO            3    RESET               startup_stm32f446xx.o
    0x080001c4   0x080001c4   0x00000000   Code   RO          899  * .ARM.Collect$$$$00000000  mc_w.l(entry.o)
    0x080001c4   0x080001c4   0x00000004   Code   RO         1177    .ARM.Collect$$$$00000001  mc_w.l(entry2.o)
    0x080001c8   0x080001c8   0x00000004   Code   RO         1180    .ARM.Collect$$$$00000004  mc_w.l(entry5.o)
    0x080001cc   0x080001cc   0x00000000   Code   RO         1182    .ARM.Collect$$$$00000008  mc_w.l(entry7b.o)
    0x080001cc   0x080001cc   0x00000000   Code   RO         1184    .ARM.Collect$$$$0000000A  mc_w.l(entry8b.o)
    0x080001cc   0x080001cc   0x00000008   Code   RO         1185    .ARM.Collect$$$$0000000B  mc_w.l(entry9a.o)
    0x080001d4   0x080001d4   0x00000000   Code   RO         1187    .ARM.Collect$$$$0000000D  mc_w.l(entry10a.o)
    0x080001d4   0x080001d4   0x00000000   Code   RO         1189    .ARM.Collect$$$$0000000F  mc_w.l(entry11a.o)
    0x080001d4   0x080001d4   0x00000004   Code   RO         1178    .ARM.Collect$$$$00002712  mc_w.l(entry2.o)
    0x080001d8   0x080001d8   0x00000024   Code   RO            4    .text               startup_stm32f446xx.o
    0x080001fc   0x080001fc   0x00000062   Code   RO          906    .text               mc_w.l(uldiv.o)
    0x0800025e   0x0800025e   0x00000024   Code   RO          908    .text               mc_w.l(memseta.o)
    0x08000282   0x08000282   0x0000014e   Code   RO         1171    .text               mf_w.l(dadd.o)
    0x080003d0   0x080003d0   0x00000026   Code   RO         1173    .text               mf_w.l(f2d.o)
    0x080003f6   0x080003f6   0x00000038   Code   RO         1175    .text               mf_w.l(d2f.o)
    0x0800042e   0x0800042e   0x0000002c   Code   RO         1201    .text               mc_w.l(uidiv.o)
    0x0800045a   0x0800045a   0x0000001e   Code   RO         1203    .text               mc_w.l(llshl.o)
    0x08000478   0x08000478   0x00000020   Code   RO         1205    .text               mc_w.l(llushr.o)
    0x08000498   0x08000498   0x00000024   Code   RO         1207    .text               mc_w.l(llsshr.o)
    0x080004bc   0x080004bc   0x00000000   Code   RO         1209    .text               mc_w.l(iusefp.o)
    0x080004bc   0x080004bc   0x0000006e   Code   RO         1210    .text               mf_w.l(fepilogue.o)
    0x0800052a   0x0800052a   0x000000ba   Code   RO         1212    .text               mf_w.l(depilogue.o)
    0x080005e4   0x080005e4   0x000000e4   Code   RO         1214    .text               mf_w.l(dmul.o)
    0x080006c8   0x080006c8   0x000000de   Code   RO         1216    .text               mf_w.l(ddiv.o)
    0x080007a6   0x080007a6   0x00000030   Code   RO         1218    .text               mf_w.l(dfixul.o)
    0x080007d6   0x080007d6   0x00000002   PAD
    0x080007d8   0x080007d8   0x00000030   Code   RO         1220    .text               mf_w.l(cdrcmple.o)
    0x08000808   0x08000808   0x00000024   Code   RO         1222    .text               mc_w.l(init.o)
    0x0800082c   0x0800082c   0x00000002   Code   RO          161    .text.BusFault_Handler  stm32f4xx_it.o
    0x0800082e   0x0800082e   0x00000002   PAD
    0x08000830   0x08000830   0x00000002   Code   RO          167    .text.DebugMon_Handler  stm32f4xx_it.o
    0x08000832   0x08000832   0x00000002   PAD
    0x08000834   0x08000834   0x0000000a   Code   RO           98    .text.Error_Handler  main.o
    0x0800083e   0x0800083e   0x00000002   PAD
    0x08000840   0x08000840   0x0000008e   Code   RO          534    .text.HAL_DMA_Abort  stm32f4xx_hal_dma.o
    0x080008ce   0x080008ce   0x00000002   PAD
    0x080008d0   0x080008d0   0x00000024   Code   RO          536    .text.HAL_DMA_Abort_IT  stm32f4xx_hal_dma.o
    0x080008f4   0x080008f4   0x00000006   Code   RO          546    .text.HAL_DMA_GetState  stm32f4xx_hal_dma.o
    0x080008fa   0x080008fa   0x00000002   PAD
    0x080008fc   0x080008fc   0x00000028   Code   RO          693    .text.HAL_Delay     stm32f4xx_hal.o
    0x08000924   0x08000924   0x0000019e   Code   RO          488    .text.HAL_GPIO_Init  stm32f4xx_hal_gpio.o
    0x08000ac2   0x08000ac2   0x00000002   PAD
    0x08000ac4   0x08000ac4   0x0000000a   Code   RO          492    .text.HAL_GPIO_ReadPin  stm32f4xx_hal_gpio.o
    0x08000ace   0x08000ace   0x00000002   PAD
    0x08000ad0   0x08000ad0   0x0000000a   Code   RO          494    .text.HAL_GPIO_WritePin  stm32f4xx_hal_gpio.o
    0x08000ada   0x08000ada   0x00000002   PAD
    0x08000adc   0x08000adc   0x0000000c   Code   RO          685    .text.HAL_GetTick   stm32f4xx_hal.o
    0x08000ae8   0x08000ae8   0x00000002   Code   RO          314    .text.HAL_I2C_AbortCpltCallback  stm32f4xx_hal_i2c.o
    0x08000aea   0x08000aea   0x00000002   PAD
    0x08000aec   0x08000aec   0x00000002   Code   RO          304    .text.HAL_I2C_AddrCallback  stm32f4xx_hal_i2c.o
    0x08000aee   0x08000aee   0x00000002   PAD
    0x08000af0   0x08000af0   0x00000148   Code   RO          294    .text.HAL_I2C_ER_IRQHandler  stm32f4xx_hal_i2c.o
    0x08000c38   0x08000c38   0x000005fc   Code   RO          282    .text.HAL_I2C_EV_IRQHandler  stm32f4xx_hal_i2c.o
    0x08001234   0x08001234   0x00000002   Code   RO          312    .text.HAL_I2C_ErrorCallback  stm32f4xx_hal_i2c.o
    0x08001236   0x08001236   0x00000002   PAD
    0x08001238   0x08001238   0x00000164   Code   RO          198    .text.HAL_I2C_Init  stm32f4xx_hal_i2c.o
    0x0800139c   0x0800139c   0x00000002   Code   RO          306    .text.HAL_I2C_ListenCpltCallback  stm32f4xx_hal_i2c.o
    0x0800139e   0x0800139e   0x00000002   PAD
    0x080013a0   0x080013a0   0x00000002   Code   RO          298    .text.HAL_I2C_MasterRxCpltCallback  stm32f4xx_hal_i2c.o
    0x080013a2   0x080013a2   0x00000002   PAD
    0x080013a4   0x080013a4   0x00000002   Code   RO          296    .text.HAL_I2C_MasterTxCpltCallback  stm32f4xx_hal_i2c.o
    0x080013a6   0x080013a6   0x00000002   PAD
    0x080013a8   0x080013a8   0x00000002   Code   RO          310    .text.HAL_I2C_MemRxCpltCallback  stm32f4xx_hal_i2c.o
    0x080013aa   0x080013aa   0x00000002   PAD
    0x080013ac   0x080013ac   0x00000002   Code   RO          308    .text.HAL_I2C_MemTxCpltCallback  stm32f4xx_hal_i2c.o
    0x080013ae   0x080013ae   0x00000002   PAD
    0x080013b0   0x080013b0   0x0000036a   Code   RO          242    .text.HAL_I2C_Mem_Read  stm32f4xx_hal_i2c.o
    0x0800171a   0x0800171a   0x00000002   PAD
    0x0800171c   0x0800171c   0x000001da   Code   RO          238    .text.HAL_I2C_Mem_Write  stm32f4xx_hal_i2c.o
    0x080018f6   0x080018f6   0x00000002   PAD
    0x080018f8   0x080018f8   0x0000013a   Code   RO          126    .text.HAL_I2C_MspInit  i2c.o
    0x08001a32   0x08001a32   0x00000002   PAD
    0x08001a34   0x08001a34   0x00000002   Code   RO          302    .text.HAL_I2C_SlaveRxCpltCallback  stm32f4xx_hal_i2c.o
    0x08001a36   0x08001a36   0x00000002   PAD
    0x08001a38   0x08001a38   0x00000002   Code   RO          300    .text.HAL_I2C_SlaveTxCpltCallback  stm32f4xx_hal_i2c.o
    0x08001a3a   0x08001a3a   0x00000002   PAD
    0x08001a3c   0x08001a3c   0x0000001a   Code   RO          683    .text.HAL_IncTick   stm32f4xx_hal.o
    0x08001a56   0x08001a56   0x00000002   PAD
    0x08001a58   0x08001a58   0x00000036   Code   RO          673    .text.HAL_Init      stm32f4xx_hal.o
    0x08001a8e   0x08001a8e   0x00000002   PAD
    0x08001a90   0x08001a90   0x00000048   Code   RO          675    .text.HAL_InitTick  stm32f4xx_hal.o
    0x08001ad8   0x08001ad8   0x0000003c   Code   RO          190    .text.HAL_MspInit   stm32f4xx_hal_msp.o
    0x08001b14   0x08001b14   0x00000022   Code   RO          631    .text.HAL_NVIC_EnableIRQ  stm32f4xx_hal_cortex.o
    0x08001b36   0x08001b36   0x00000002   PAD
    0x08001b38   0x08001b38   0x00000056   Code   RO          629    .text.HAL_NVIC_SetPriority  stm32f4xx_hal_cortex.o
    0x08001b8e   0x08001b8e   0x00000002   PAD
    0x08001b90   0x08001b90   0x00000020   Code   RO          627    .text.HAL_NVIC_SetPriorityGrouping  stm32f4xx_hal_cortex.o
    0x08001bb0   0x08001bb0   0x0000007a   Code   RO          613    .text.HAL_PWREx_EnableOverDrive  stm32f4xx_hal_pwr_ex.o
    0x08001c2a   0x08001c2a   0x00000002   PAD
    0x08001c2c   0x08001c2c   0x00000164   Code   RO          348    .text.HAL_RCC_ClockConfig  stm32f4xx_hal_rcc.o
    0x08001d90   0x08001d90   0x00000026   Code   RO          360    .text.HAL_RCC_GetPCLK1Freq  stm32f4xx_hal_rcc.o
    0x08001db6   0x08001db6   0x00000002   PAD
    0x08001db8   0x08001db8   0x00000026   Code   RO          362    .text.HAL_RCC_GetPCLK2Freq  stm32f4xx_hal_rcc.o
    0x08001dde   0x08001dde   0x00000002   PAD
    0x08001de0   0x08001de0   0x000000a2   Code   RO          396    .text.HAL_RCC_GetSysClockFreq  stm32f4xx_hal_rcc_ex.o
    0x08001e82   0x08001e82   0x00000002   PAD
    0x08001e84   0x08001e84   0x000003dc   Code   RO          400    .text.HAL_RCC_OscConfig  stm32f4xx_hal_rcc_ex.o
    0x08002260   0x08002260   0x0000002c   Code   RO          639    .text.HAL_SYSTICK_Config  stm32f4xx_hal_cortex.o
    0x0800228c   0x0800228c   0x00000002   Code   RO          849    .text.HAL_UARTEx_RxEventCallback  stm32f4xx_hal_uart.o
    0x0800228e   0x0800228e   0x00000002   PAD
    0x08002290   0x08002290   0x00000002   Code   RO          847    .text.HAL_UART_ErrorCallback  stm32f4xx_hal_uart.o
    0x08002292   0x08002292   0x00000002   PAD
    0x08002294   0x08002294   0x00000568   Code   RO          841    .text.HAL_UART_IRQHandler  stm32f4xx_hal_uart.o
    0x080027fc   0x080027fc   0x0000005e   Code   RO          765    .text.HAL_UART_Init  stm32f4xx_hal_uart.o
    0x0800285a   0x0800285a   0x00000002   PAD
    0x0800285c   0x0800285c   0x00000084   Code   RO          142    .text.HAL_UART_MspInit  usart.o
    0x080028e0   0x080028e0   0x00000060   Code   RO          787    .text.HAL_UART_Receive_IT  stm32f4xx_hal_uart.o
    0x08002940   0x08002940   0x00000034   Code   RO           11    .text.HAL_UART_RxCpltCallback  receive.o
    0x08002974   0x08002974   0x00000282   Code   RO          781    .text.HAL_UART_Transmit  stm32f4xx_hal_uart.o
    0x08002bf6   0x08002bf6   0x00000002   PAD
    0x08002bf8   0x08002bf8   0x00000002   Code   RO          851    .text.HAL_UART_TxCpltCallback  stm32f4xx_hal_uart.o
    0x08002bfa   0x08002bfa   0x00000002   PAD
    0x08002bfc   0x08002bfc   0x00000002   Code   RO          157    .text.HardFault_Handler  stm32f4xx_it.o
    0x08002bfe   0x08002bfe   0x00000002   PAD
    0x08002c00   0x08002c00   0x0000000c   Code   RO          175    .text.I2C1_ER_IRQHandler  stm32f4xx_it.o
    0x08002c0c   0x08002c0c   0x0000000c   Code   RO          173    .text.I2C1_EV_IRQHandler  stm32f4xx_it.o
    0x08002c18   0x08002c18   0x0000000c   Code   RO          179    .text.I2C2_ER_IRQHandler  stm32f4xx_it.o
    0x08002c24   0x08002c24   0x0000000c   Code   RO          177    .text.I2C2_EV_IRQHandler  stm32f4xx_it.o
    0x08002c30   0x08002c30   0x00000122   Code   RO          268    .text.I2C_DMAAbort  stm32f4xx_hal_i2c.o
    0x08002d52   0x08002d52   0x00000002   PAD
    0x08002d54   0x08002d54   0x0000018c   Code   RO          280    .text.I2C_ITError   stm32f4xx_hal_i2c.o
    0x08002ee0   0x08002ee0   0x000000e8   Code   RO          292    .text.I2C_MasterReceive_BTF  stm32f4xx_hal_i2c.o
    0x08002fc8   0x08002fc8   0x0000013a   Code   RO          290    .text.I2C_MasterReceive_RXNE  stm32f4xx_hal_i2c.o
    0x08003102   0x08003102   0x00000002   PAD
    0x08003104   0x08003104   0x00000082   Code   RO          286    .text.I2C_MasterTransmit_BTF  stm32f4xx_hal_i2c.o
    0x08003186   0x08003186   0x00000002   PAD
    0x08003188   0x08003188   0x000000b2   Code   RO          284    .text.I2C_MasterTransmit_TXE  stm32f4xx_hal_i2c.o
    0x0800323a   0x0800323a   0x00000002   PAD
    0x0800323c   0x0800323c   0x000000b4   Code   RO          288    .text.I2C_MemoryTransmit_TXE_BTF  stm32f4xx_hal_i2c.o
    0x080032f0   0x080032f0   0x0000031a   Code   RO          244    .text.I2C_RequestMemoryRead  stm32f4xx_hal_i2c.o
    0x0800360a   0x0800360a   0x00000002   PAD
    0x0800360c   0x0800360c   0x0000026e   Code   RO          240    .text.I2C_RequestMemoryWrite  stm32f4xx_hal_i2c.o
    0x0800387a   0x0800387a   0x00000002   PAD
    0x0800387c   0x0800387c   0x000000a8   Code   RO          210    .text.I2C_WaitOnBTFFlagUntilTimeout  stm32f4xx_hal_i2c.o
    0x08003924   0x08003924   0x00000148   Code   RO          208    .text.I2C_WaitOnFlagUntilTimeout  stm32f4xx_hal_i2c.o
    0x08003a6c   0x08003a6c   0x000000b8   Code   RO          322    .text.I2C_WaitOnMasterAddressFlagUntilTimeout  stm32f4xx_hal_i2c.o
    0x08003b24   0x08003b24   0x00000012   Code   RO           79    .text.MPU6050_DataReady  mpu6050.o
    0x08003b36   0x08003b36   0x00000002   PAD
    0x08003b38   0x08003b38   0x00000250   Code   RO           71    .text.MPU6050_Initialization  mpu6050.o
    0x08003d88   0x08003d88   0x0000012c   Code   RO           81    .text.MPU6050_ProcessData  mpu6050.o
    0x08003eb4   0x08003eb4   0x000000c0   Code   RO          113    .text.MX_GPIO_Init  gpio.o
    0x08003f74   0x08003f74   0x00000044   Code   RO          122    .text.MX_I2C1_Init  i2c.o
    0x08003fb8   0x08003fb8   0x00000042   Code   RO          124    .text.MX_I2C2_Init  i2c.o
    0x08003ffa   0x08003ffa   0x00000002   PAD
    0x08003ffc   0x08003ffc   0x0000003c   Code   RO          140    .text.MX_USART2_UART_Init  usart.o
    0x08004038   0x08004038   0x00000002   Code   RO          159    .text.MemManage_Handler  stm32f4xx_it.o
    0x0800403a   0x0800403a   0x00000002   PAD
    0x0800403c   0x0800403c   0x00000002   Code   RO          155    .text.NMI_Handler   stm32f4xx_it.o
    0x0800403e   0x0800403e   0x00000002   PAD
    0x08004040   0x08004040   0x00000002   Code   RO          169    .text.PendSV_Handler  stm32f4xx_it.o
    0x08004042   0x08004042   0x00000002   PAD
    0x08004044   0x08004044   0x00000048   Code   RO           51    .text.SSD1306_ClearScreen  ssd1306.o
    0x0800408c   0x0800408c   0x00000002   Code   RO          165    .text.SVC_Handler   stm32f4xx_it.o
    0x0800408e   0x0800408e   0x00000002   PAD
    0x08004090   0x08004090   0x00000004   Code   RO          171    .text.SysTick_Handler  stm32f4xx_it.o
    0x08004094   0x08004094   0x000000c4   Code   RO           96    .text.SystemClock_Config  main.o
    0x08004158   0x08004158   0x00000012   Code   RO          885    .text.SystemInit    system_stm32f4xx.o
    0x0800416a   0x0800416a   0x00000002   PAD
    0x0800416c   0x0800416c   0x0000000c   Code   RO          845    .text.UART_DMAAbortOnError  stm32f4xx_hal_uart.o
    0x08004178   0x08004178   0x000000fe   Code   RO          843    .text.UART_Receive_IT  stm32f4xx_hal_uart.o
    0x08004276   0x08004276   0x00000002   PAD
    0x08004278   0x08004278   0x000000e6   Code   RO          769    .text.UART_SetConfig  stm32f4xx_hal_uart.o
    0x0800435e   0x0800435e   0x00000002   PAD
    0x08004360   0x08004360   0x0000000c   Code   RO          181    .text.USART2_IRQHandler  stm32f4xx_it.o
    0x0800436c   0x0800436c   0x00000002   Code   RO          163    .text.UsageFault_Handler  stm32f4xx_it.o
    0x0800436e   0x0800436e   0x00000002   PAD
    0x08004370   0x08004370   0x0000001e   Code   RO          100    .text.fputc         main.o
    0x0800438e   0x0800438e   0x00000002   PAD
    0x08004390   0x08004390   0x00000270   Code   RO           94    .text.main          main.o
    0x08004600   0x08004600   0x000002e4   Code   RO           35    .text.ssd1306_Init  ssd1306.o
    0x080048e4   0x080048e4   0x0000000e   Code   RO           47    .text.ssd1306_SetCursor  ssd1306.o
    0x080048f2   0x080048f2   0x00000002   PAD
    0x080048f4   0x080048f4   0x000000a6   Code   RO           39    .text.ssd1306_UpdateScreen  ssd1306.o
    0x0800499a   0x0800499a   0x00000002   PAD
    0x0800499c   0x0800499c   0x000002a6   Code   RO           43    .text.ssd1306_WriteChar  ssd1306.o
    0x08004c42   0x08004c42   0x00000002   PAD
    0x08004c44   0x08004c44   0x0000003c   Code   RO           45    .text.ssd1306_WriteString  ssd1306.o
    0x08004c80   0x08004c80   0x0000005c   Code   RO           13    .text.uart_task     receive.o
    0x08004cdc   0x08004cdc   0x00000020   Code   RO         1143    i.__0printf         mc_w.l(printfa.o)
    0x08004cfc   0x08004cfc   0x00000028   Code   RO         1145    i.__0sprintf        mc_w.l(printfa.o)
    0x08004d24   0x08004d24   0x0000000e   Code   RO         1226    i.__scatterload_copy  mc_w.l(handlers.o)
    0x08004d32   0x08004d32   0x00000002   Code   RO         1227    i.__scatterload_null  mc_w.l(handlers.o)
    0x08004d34   0x08004d34   0x0000000e   Code   RO         1228    i.__scatterload_zeroinit  mc_w.l(handlers.o)
    0x08004d42   0x08004d42   0x00000002   PAD
    0x08004d44   0x08004d44   0x00000184   Code   RO         1150    i._fp_digits        mc_w.l(printfa.o)
    0x08004ec8   0x08004ec8   0x000006dc   Code   RO         1151    i._printf_core      mc_w.l(printfa.o)
    0x080055a4   0x080055a4   0x00000024   Code   RO         1152    i._printf_post_padding  mc_w.l(printfa.o)
    0x080055c8   0x080055c8   0x0000002e   Code   RO         1153    i._printf_pre_padding  mc_w.l(printfa.o)
    0x080055f6   0x080055f6   0x0000000a   Code   RO         1155    i._sputc            mc_w.l(printfa.o)
    0x08005600   0x08005600   0x00000024   Code   RO          902    i.puts              mc_w.l(puts.o)
    0x08005624   0x08005624   0x00000010   Data   RO          890    .rodata.AHBPrescTable  system_stm32f4xx.o
    0x08005634   0x08005634   0x00000008   Data   RO          891    .rodata.APBPrescTable  system_stm32f4xx.o
    0x0800563c   0x0800563c   0x0000076c   Data   RO           24    .rodata.Font7x10    fonts.o
    0x08005da8   0x08005da8   0x00000053   Data   RO           83    .rodata.str1.1      mpu6050.o
    0x08005dfb   0x08005dfb   0x0000000c   Data   RO          103    .rodata.str1.1      main.o
    0x08005e07   0x08005e07   0x00000001   PAD
    0x08005e08   0x08005e08   0x00000020   Data   RO         1225    Region$$Table       anon$$obj.o


    Execution Region RW_IRAM1 (Exec base: 0x20000000, Load base: 0x08005e28, Size: 0x00000960, Max: 0x00020000, ABSOLUTE)

    Exec Addr    Load Addr    Size         Type   Attr      Idx    E Section Name        Object

    0x20000000   0x08005e28   0x00000004   Data   RW         1191    .data               mc_w.l(stdout.o)
    0x20000004   0x08005e2c   0x00000008   Data   RW          728    .data..L_MergedGlobals  stm32f4xx_hal.o
    0x2000000c   0x08005e34   0x00000008   Data   RW           25    .data.Font_7x10     fonts.o
    0x20000014   0x08005e3c   0x00000004   Data   RW          889    .data.SystemCoreClock  system_stm32f4xx.o
    0x20000018        -       0x0000001c   Zero   RW           15    .bss..L_MergedGlobals  receive.o
    0x20000034        -       0x00000004   Zero   RW           54    .bss..L_MergedGlobals  ssd1306.o
    0x20000038        -       0x00000008   Zero   RW           85    .bss..L_MergedGlobals  mpu6050.o
    0x20000040        -       0x0000002c   Zero   RW           84    .bss.MPU6050        mpu6050.o
    0x2000006c        -       0x00000400   Zero   RW           53    .bss.SSD1306_Buffer  ssd1306.o
    0x2000046c        -       0x00000054   Zero   RW          130    .bss.hi2c1          i2c.o
    0x200004c0        -       0x00000054   Zero   RW          131    .bss.hi2c2          i2c.o
    0x20000514        -       0x00000044   Zero   RW          146    .bss.huart2         usart.o
    0x20000558        -       0x00000004   Zero   RW          727    .bss.uwTick         stm32f4xx_hal.o
    0x2000055c   0x08005e40   0x00000004   PAD
    0x20000560        -       0x00000400   Zero   RW            1    STACK               startup_stm32f446xx.o


==============================================================================

Image component sizes


      Code (inc. data)   RO Data    RW Data    ZI Data      Debug   Object Name

         0          0       1900          8          0        862   fonts.o
       192          0          0          0          0       2273   gpio.o
       448          0          0          0        168       7730   i2c.o
       860        108         12          0          0       4693   main.o
       910        164         83          0         52       6671   mpu6050.o
       144         16          0          0         28       3792   receive.o
      1730          0          0          0       1028      10649   ssd1306.o
        36          8        452          0       1024        848   startup_stm32f446xx.o
       204          0          0          8          4       7499   stm32f4xx_hal.o
       196          0          0          0          0      10538   stm32f4xx_hal_cortex.o
       184          0          0          0          0      10538   stm32f4xx_hal_dma.o
       434          0          0          0          0       5471   stm32f4xx_hal_gpio.o
      7400         16          0          0          0      55292   stm32f4xx_hal_i2c.o
        60          0          0          0          0       1705   stm32f4xx_hal_msp.o
       122          0          0          0          0       4647   stm32f4xx_hal_pwr_ex.o
       432          0          0          0          0       7570   stm32f4xx_hal_rcc.o
      1150          4          0          0          0      11159   stm32f4xx_hal_rcc_ex.o
      2718          0          0          0          0      32078   stm32f4xx_hal_uart.o
        80          0          0          0          0       5727   stm32f4xx_it.o
        18          0         24          4          0       2742   system_stm32f4xx.o
       192          0          0          0         68       7087   usart.o

    ----------------------------------------------------------------------
     17620        316       2504         20       2376     199571   Object Totals
         0          0         32          0          0          0   (incl. Generated)
       110          0          1          0          4          0   (incl. Padding)

    ----------------------------------------------------------------------

      Code (inc. data)   RO Data    RW Data    ZI Data      Debug   Library Member Name

         0          0          0          0          0          0   entry.o
         0          0          0          0          0          0   entry10a.o
         0          0          0          0          0          0   entry11a.o
         8          4          0          0          0          0   entry2.o
         4          0          0          0          0          0   entry5.o
         0          0          0          0          0          0   entry7b.o
         0          0          0          0          0          0   entry8b.o
         8          4          0          0          0          0   entry9a.o
        30          0          0          0          0          0   handlers.o
        36          8          0          0          0         68   init.o
         0          0          0          0          0          0   iusefp.o
        30          0          0          0          0         68   llshl.o
        36          0          0          0          0         68   llsshr.o
        32          0          0          0          0         68   llushr.o
        36          0          0          0          0        108   memseta.o
      2308         96          0          0          0        604   printfa.o
        36          6          0          0          0         80   puts.o
         0          0          0          4          0          0   stdout.o
        44          0          0          0          0         80   uidiv.o
        98          0          0          0          0         92   uldiv.o
        48          0          0          0          0         68   cdrcmple.o
        56          0          0          0          0         88   d2f.o
       334          0          0          0          0        148   dadd.o
       222          0          0          0          0        100   ddiv.o
       186          0          0          0          0        176   depilogue.o
        48          0          0          0          0         68   dfixul.o
       228          0          0          0          0         96   dmul.o
        38          0          0          0          0         68   f2d.o
       110          0          0          0          0        168   fepilogue.o

    ----------------------------------------------------------------------
      3980        118          0          4          0       2216   Library Totals
         4          0          0          0          0          0   (incl. Padding)

    ----------------------------------------------------------------------

      Code (inc. data)   RO Data    RW Data    ZI Data      Debug   Library Name

      2706        118          0          4          0       1236   mc_w.l
      1270          0          0          0          0        980   mf_w.l

    ----------------------------------------------------------------------
      3980        118          0          4          0       2216   Library Totals

    ----------------------------------------------------------------------

==============================================================================


      Code (inc. data)   RO Data    RW Data    ZI Data      Debug   

     21600        434       2504         24       2376     200539   Grand Totals
     21600        434       2504         24       2376     200539   ELF Image Totals
     21600        434       2504         24          0          0   ROM Totals

==============================================================================

    Total RO  Size (Code + RO Data)                24104 (  23.54kB)
    Total RW  Size (RW Data + ZI Data)              2400 (   2.34kB)
    Total ROM Size (Code + RO Data + RW Data)      24128 (  23.56kB)

==============================================================================

